Script started on 2026-03-12 17:40:57+07:00 [TERM="xterm" TTY="/dev/pts/138" COLUMNS="271" LINES="72"]
eltex-pg2-v11@eltex-2026-spring: ~eltex-pg2-v11@eltex-2026-spring:~$ cat 

eltex-pg2-v11@eltex-2026-spring:~$ cat practice2_exltex-pg2-v11_part1.log
Script started on 2026-03-12 17:40:57+07:00 [TERM="xterm" TTY="/dev/pts/138" COLUMNS="271" LINES="72"]
eltex-pg2-v11@eltex-2026-spring:~$ cat
eltex-pg2-v11@eltex-2026-spring: ~eltex-pg2-v11@eltex-2026-spring:~$ cat practice2_exltex-pg2-v11_part1.log
eltex-pg2-v11@eltex-2026-spring: ~eltex-pg2-v11@eltex-2026-spring:~$ sshsgh-keygen
Generating public/private rsa key pair.
Enter file in which to save the key (/home/eltex-pg2-v11/.ssh/id_rsa):
/home/eltex-pg2-v11/.ssh/id_rsa already exists.
Overwrite (y/n)?
eltex-pg2-v11@eltex-2026-spring: ~eltex-pg2-v11@eltex-2026-spring:~$ n
bash: n: command not found
root@eltex-practice2-pg2-v11: ~root@eltex-practice2-pg2-v11:~# cd ssh copy-id root@exit
logout
Connection to 172.16.9.211 closed.
eltex-pg2-v11@eltex-2026-spring: ~eltex-pg2-v11@eltex-2026-spring:~$ sshsh copy-id root@172.186.9.211
ssh: Could not resolve hostname copy-id: Name or service not known
eltex-pg2-v11@eltex-2026-spring: ~eltex-pg2-v11@eltex-2026-spring:~$ ssh copy-id root@172.16.9.211[1P[1@-
/usr/bin/ssh-copy-id: INFO: Source of key(s) to be installed: "/home/eltex-pg2-v11/.ssh/id_rsa.pub"
/usr/bin/ssh-copy-id: INFO: attempting to log in with the new key(s), to filter out any that are already installed
/usr/bin/ssh-copy-id: INFO: 1 key(s) remain to be installed -- if you are prompted now it is to install the new keys
root@172.16.9.211's password:
Number of key(s) added: 1
Now try logging into the machine, with:	  "ssh 'root@172.16.9.211'"
and check to make sure that only the key(s) you wanted were added.
eltex-pg2-v11@eltex-2026-spring: ~eltex-pg2-v11@eltex-2026-spring:~$ ssh-copy-id root@172.16.9.211 
Welcome to Ubuntu 24.04.2 LTS (GNU/Linux 6.8.0-55-generic x86_64)
 * Documentation:  https://help.ubuntu.com
 * Management:	   https://landscape.canonical.com
 * Support:	   https://ubuntu.com/pro
 System information as of Thu Mar 12 10:50:12 AM UTC 2026
  System load:	0.0		   Processes:		   113
  Usage of /:	37.8% of 14.66GB   Users logged in:	   0
  Memory usage: 5%		   IPv4 address for ens18: 172.16.9.211
  Swap usage:	0%
Expanded Security Maintenance for Applications is not enabled.
0 updates can be applied immediately.
Enable ESM Apps to receive additional future security updates.
See https://ubuntu.com/esm or run: sudo pro status
The list of available updates is more than a week old.
To check for new updates run: sudo apt update
Last login: Thu Mar 12 10:46:09 2026 from 172.16.8.4
root@eltex-practice2-pg2-v11: ~root@eltex-practice2-pg2-v11:~# cat ^V ~/.ssh/authorized_keys~/.ssh/authorized_keys
ssh-rsa AAAAB3NzaC1yc2EAAAADAQABAAABgQDHRFo8lU5L8bvhmlOejQKfUKYIwkuB2TYMElBpiUFnpLWE/MsUajm8bUj9pP0EFORfI7ExeLbMl4s/PIwdx8EhWi1MbekkKnbDJM/XC5TwrRduhUYcDj/IpwBozMO5SqZXKOkifNREj5RqMLB4JAqFDJRSXKUM2HYrcTarXec1VOEwfdG5zC1CgBtNB4dm0pFhiGyG6K6czaYTfzaHj+O4JOmBDWeeyjZ0mhHGUk/My1F//LbGKqaSwWJ6+9c2K9lNNkL4yHAv3G5D+AkjekOciBlD12j5WrYGWAExwIj4OcTFZMS/dWgz8/XHtbp2ABhndzYrGg7MEPMQ4ovOti4Gazx5iwsPbSOYExxNpOosNOU+4StxpB8AoObCwIlvbthYRp68NtE9PI+hjuqLjJ181pJyRpW+ExVAUOKWGuk8ZQ/xrfUGWS63As2axluATWIA4sKjHlSF8HmBV7XNfNz3NMb2BxKcmS6Kd6RgN7rc2gIswFQ69L5LulbHa0lFne0= eltex-pg2-v11@eltex-2026-spring
root@eltex-practice2-pg2-v11: ~root@eltex-practice2-pg2-v11:~# ]0;root@eltex-practice2-pg2-v11: ~root@eltex-practice2-pg2-v11:~# exit
logout
Connection to 172.16.9.211 closed.
eltex-pg2-v11@eltex-2026-spring: ~eltex-pg2-v11@eltex-2026-spring:~$ cat ~/.ssh/*.pub~/.ssh/*.pub
ssh-rsa AAAAB3NzaC1yc2EAAAADAQABAAABgQDHRFo8lU5L8bvhmlOejQKfUKYIwkuB2TYMElBpiUFnpLWE/MsUajm8bUj9pP0EFORfI7ExeLbMl4s/PIwdx8EhWi1MbekkKnbDJM/XC5TwrRduhUYcDj/IpwBozMO5SqZXKOkifNREj5RqMLB4JAqFDJRSXKUM2HYrcTarXec1VOEwfdG5zC1CgBtNB4dm0pFhiGyG6K6czaYTfzaHj+O4JOmBDWeeyjZ0mhHGUk/My1F//LbGKqaSwWJ6+9c2K9lNNkL4yHAv3G5D+AkjekOciBlD12j5WrYGWAExwIj4OcTFZMS/dWgz8/XHtbp2ABhndzYrGg7MEPMQ4ovOti4Gazx5iwsPbSOYExxNpOosNOU+4StxpB8AoObCwIlvbthYRp68NtE9PI+hjuqLjJ181pJyRpW+ExVAUOKWGuk8ZQ/xrfUGWS63As2axluATWIA4sKjHlSF8HmBV7XNfNz3NMb2BxKcmS6Kd6RgN7rc2gIswFQ69L5LulbHa0lFne0= eltex-pg2-v11@eltex-2026-spring
eltex-pg2-v11@eltex-2026-spring:~$ ls -l
total 88
drwxr-xr-x 2 eltex-pg2-v11 eltex-pg2-v11  4096 Mar 12 01:40 2026-01
drwxr-xr-x 2 eltex-pg2-v11 eltex-pg2-v11  4096 Mar 12 01:40 2026-02
drwxr-xr-x 2 eltex-pg2-v11 eltex-pg2-v11  4096 Mar 12 01:40 2026-03
drwxr-xr-x 2 eltex-pg2-v11 eltex-pg2-v11  4096 Mar 12 01:40 2026-04
drwxr-xr-x 2 eltex-pg2-v11 eltex-pg2-v11  4096 Mar 12 01:40 2026-05
drwxr-xr-x 2 eltex-pg2-v11 eltex-pg2-v11  4096 Mar 12 01:40 2026-06
drwxr-xr-x 2 eltex-pg2-v11 eltex-pg2-v11  4096 Mar 12 01:40 2026-07
drwxr-xr-x 2 eltex-pg2-v11 eltex-pg2-v11  4096 Mar 12 01:40 2026-08
drwxr-xr-x 2 eltex-pg2-v11 eltex-pg2-v11  4096 Mar 12 01:40 2026-09
drwxr-xr-x 2 eltex-pg2-v11 eltex-pg2-v11  4096 Mar 12 01:40 2026-10
drwxr-xr-x 2 eltex-pg2-v11 eltex-pg2-v11  4096 Mar 12 01:40 2026-11
drwxr-xr-x 2 eltex-pg2-v11 eltex-pg2-v11  4096 Mar 12 01:40 2026-12
drwxr-xr-x 2 eltex-pg2-v11 eltex-pg2-v11  4096 Mar 12 15:00 D1
-rw-r--r-- 1 eltex-pg2-v11 eltex-pg2-v11   665 Mar 12 15:06 eltex-pg2-v11_part3_gt50M.log
-rw-r--r-- 1 eltex-pg2-v11 eltex-pg2-v11   570 Mar 12 15:24 eltex-pg2-v11_part3.log
-rw-r--r-- 1 eltex-pg2-v11 eltex-pg2-v11 11678 Mar 12 01:43 eltex-pg2-v11_part.log
-rw-r--r-- 1 eltex-pg2-v11 eltex-pg2-v11  9228 Mar 12 17:56 practice2_eltex-pg2-v11_part1.log
-rw-r--r-- 1 eltex-pg2-v11 eltex-pg2-v11   135 Mar  5 20:50 report_part1.txt
eltex-pg2-v11@eltex-2026-spring: ~eltex-pg2-v11@eltex-2026-spring:~$ ls -l ~/.ssh/*.pub~/.ssh/*.pub
-rw-r--r-- 1 eltex-pg2-v11 eltex-pg2-v11 585 Mar 12 17:20 /home/eltex-pg2-v11/.ssh/id_rsa.pub
eltex-pg2-v11@eltex-2026-spring: ~eltex-pg2-v11@eltex-2026-spring:~$ ls -l ~/.ssh/*.pubcat ~/.ssh/*.pubssh root@172.16.9.211-copy-id root@172.16.9.211
Welcome to Ubuntu 24.04.2 LTS (GNU/Linux 6.8.0-55-generic x86_64)
 * Documentation:  https://help.ubuntu.com
 * Management:	   https://landscape.canonical.com
 * Support:	   https://ubuntu.com/pro
 System information as of Thu Mar 12 10:58:26 AM UTC 2026
  System load:	0.0		   Processes:		   112
  Usage of /:	37.8% of 14.66GB   Users logged in:	   0
  Memory usage: 5%		   IPv4 address for ens18: 172.16.9.211
  Swap usage:	0%
Expanded Security Maintenance for Applications is not enabled.
0 updates can be applied immediately.
Enable ESM Apps to receive additional future security updates.
See https://ubuntu.com/esm or run: sudo pro status
The list of available updates is more than a week old.
To check for new updates run: sudo apt update
Last login: Thu Mar 12 10:50:12 2026 from 172.16.8.4
root@eltex-practice2-pg2-v11: ~root@eltex-practice2-pg2-v11:~#  ls -l ~/.ssh/authorized_keys~/.ssh/authorized_keys
-rw------- 1 root root 585 Mar 12 10:48 /root/.ssh/authorized_keys
root@eltex-practice2-pg2-v11: ~root@eltex-practice2-pg2-v11:~# user addadd -m -s /bin/bash user1
root@eltex-practice2-pg2-v11: ~root@eltex-practice2-pg2-v11:~# passwd user1
New password:
Retype new password:
passwd: password updated successfully
root@eltex-practice2-pg2-v11: ~root@eltex-practice2-pg2-v11:~# useradd user12 user3
root@eltex-practice2-pg2-v11: ~root@eltex-practice2-pg2-v11:~# adduser user2
fatal: The user `user2' already exists.
root@eltex-practice2-pg2-v11: ~root@eltex-practice2-pg2-v11:~# rdel user2luser user2
info: Removing crontab ...
info: Removing user `user2' ...
root@eltex-practice2-pg2-v11: ~root@eltex-practice2-pg2-v11:~# useraddadduser user2
info: Adding user `user2' ...
info: Selecting UID/GID from range 1000 to 59999 ...
info: Adding new group `user2' (1002) ...
info: Adding new user `user2' (1002) with group `user2 (1002)' ...
info: Creating home directory `/home/user2' ...
info: Copying files from `/etc/skel' ...
New password:
Retype new password:
passwd: password updated successfully
Changing the user information for user2
Enter the new value, or press ENTER for the default
	Full Name []:
	Room Number []:
	Work Phone []:
	Home Phone []:
	Other []:
Is the information correct? [Y/n] y
info: Adding new user `user2' to supplemental / extra groups `users' ...
info: Adding user `user2' to group `users' ...
root@eltex-practice2-pg2-v11: ~root@eltex-practice2-pg2-v11:~# adduser user3
info: Adding user `user3' ...
info: Selecting UID/GID from range 1000 to 59999 ...
info: Adding new group `user3' (1003) ...
info: Adding new user `user3' (1003) with group `user3 (1003)' ...
info: Creating home directory `/home/user3' ...
info: Copying files from `/etc/skel' ...
New password:
Retype new password:
passwd: password updated successfully
Changing the user information for user3
Enter the new value, or press ENTER for the default
	Full Name []:
	Room Number []:
	Work Phone []:
	Home Phone []:
	Other []:
Is the information correct? [Y/n] info: Adding new user `user3' to supplemental / extra groups `users' ...
info: Adding user `user3' to group `users' ...
~root@eltex-practice2-pg2-v11:~#
root@eltex-practice2-pg2-v11: ~root@eltex-practice2-pg2-v11:~#
root@eltex-practice2-pg2-v11: ~root@eltex-practice2-pg2-v11:~#
root@eltex-practice2-pg2-v11: ~root@eltex-practice2-pg2-v11:~# usrernmode -s /usr/sbin/nologin/usr/sbin/nologin user3
root@eltex-practice2-pg2-v11: ~root@eltex-practice2-pg2-v11:~# su user3
This account is currently not available. append to the history file, don't overwrite it									
root@eltex-practice2-pg2-v11:~# vi /home/user1/.bashrcclear
root@eltex-practice2-pg2-v11:~# exit
logout
Connection to 172.16.9.211 closed.
eltex-pg2-v11@eltex-2026-spring: ~eltex-pg2-v11@eltex-2026-spring:~$ logout
bash: logout: not login shell: use `exit'
eltex-pg2-v11@eltex-2026-spring: ~eltex-pg2-v11@eltex-2026-spring:~$ exit
exit
Script done on 2026-03-12 18:51:37+07:00 [COMMAND_EXIT_CODE="1"]
Script started on 2026-03-13 22:40:17+07:00 [TERM="xterm-256color" TTY="/dev/pts/31" COLUMNS="237" LINES="63"]
eltex-pg2-v11@eltex-2026-spring:~$ vim practice2_eltex-pg2-v11_part1.log
 * Documentation:  https://help.ubuntu.com
 * Management:	   https://landscape.canonical.com
 * Support:	   https://ubuntu.com/pro
 System information as of Fri Mar 13 03:40:50 PM UTC 2026
  System load:	0.0		   Processes:		   113
  Usage of /:	41.1% of 14.66GB   Users logged in:	   0
  Memory usage: 10%		   IPv4 address for ens18: 172.16.9.211
  Swap usage:	0%
 * Strictly confined Kubernetes makes edge and IoT secure. Learn how MicroK8s
   just raised the bar for easy, resilient and secure K8s cluster deployment.
   https://ubuntu.com/engage/secure-kubernetes-at-the-edge
Expanded Security Maintenance for Applications is not enabled.
102 updates can be applied immediately.
To see these additional updates run: apt list --upgradable
Enable ESM Apps to receive additional future security updates.
See https://ubuntu.com/esm or run: sudo pro status
*** System restart required ***
Last login: Fri Mar 13 15:37:04 2026 from 172.16.8.4
root@eltex-practice2-pg2-v11:~# su - user1
user1@eltex-practice2-pg2-v11:~$ touch /opt/share/file1_by_user1
user1@eltex-practice2-pg2-v11:~$ exit
logout
root@eltex-practice2-pg2-v11:~# su - user2
user2@eltex-practice2-pg2-v11:~$ touch /opt/share/file2_by_user2
user2@eltex-practice2-pg2-v11:~$ rm /opt/share/file1_by_user1
rm: remove write-protected regular empty file '/opt/share/file1_by_user1'? y
user2@eltex-practice2-pg2-v11:~$  su - user3
Password:
This account is currently not available.
user2@eltex-practice2-pg2-v11:~$ exit
logout
root@eltex-practice2-pg2-v11:~# su - user3
This account is currently not available.
root@eltex-practice2-pg2-v11:~# su - user1
user1@eltex-practice2-pg2-v11:~$ exit
logout
root@eltex-practice2-pg2-v11:~# su - user3
Try 'su --help' for more information.
root@eltex-practice2-pg2-v11:~# su - user3
This account is currently not available.
root@eltex-practice2-pg2-v11:~# usermod -s /bin/bash user3
root@eltex-practice2-pg2-v11:~# su -u useuser3
user3@eltex-practice2-pg2-v11:~$ touch /opt/share/file3_by_user3
user3@eltex-practice2-pg2-v11:~$ rm /opt/share/file2_by_user2
user3@eltex-practice2-pg2-v11:~$ exit
logout
root@eltex-practice2-pg2-v11:~# su - user1
user1@eltex-practice2-pg2-v11:~$ rm /opt/share/file2_by_user2
user1@eltex-practice2-pg2-v11:~$ exit
logout
root@eltex-practice2-pg2-v11:~# chmod 3770 /opt/share
root@eltex-practice2-pg2-v11:~# su - user1
user1@eltex-practice2-pg2-v11:~$ touch /opt/share/file3_by_user3
user1@eltex-practice2-pg2-v11:~$ exit
logout
root@eltex-practice2-pg2-v11:~# su - user2
user2@eltex-practice2-pg2-v11:~$ rm /opt/share/test_user1
rm: cannot remove '/opt/share/test_user1': No such file or directory
user2@eltex-practice2-pg2-v11:~$ rm /opt/share/test_user1file-_by_user1
rm: cannot remove '/opt/share/file_by_user1': No such file or directory
user2@eltex-practice2-pg2-v11:~$ rm /opt/share/file_by_user11_by_user1
rm: remove write-protected regular empty file '/opt/share/file1_by_user1'? y
rm: cannot remove '/opt/share/file1_by_user1': Operation not permitted
user2@eltex-practice2-pg2-v11:~$ exit
logout
root@eltex-practice2-pg2-v11:~# visudo	      
user1@eltex-practice2-pg2-v11:~$ sudo dmesg
password for user1:
[    0.000000] Linux version 6.8.0-55-generic (buildd@lcy02-amd64-095) (x86_64-linux-gnu-gcc-13 (Ubuntu 13.3.0-6ubuntu2~24.04) 13.3.0, GNU ld (GNU Binutils for Ubuntu) 2.42) #57-Ubuntu SMP PREEMPT_DYNAMIC Wed Feb 12 23:42:21 UTC 2025 (Ubuntu 6.8.0-55.57-generic 6.8.12)
[    0.000000] Command line: BOOT_IMAGE=/vmlinuz-6.8.0-55-generic root=/dev/mapper/ubuntu--vg-ubuntu--lv ro
[    0.000000] KERNEL supported cpus:
[    0.000000]	 Intel GenuineIntel
[    0.000000]	 AMD AuthenticAMD
[    0.000000]	 Hygon HygonGenuine
[    0.000000]	 Centaur CentaurHauls
[    0.000000]	 zhaoxin   Shanghai
[    0.000000] BIOS-provided physical RAM map:
[    0.000000] BIOS-e820: [mem 0x0000000000000000-0x000000000009fbff] usable
[    0.000000] BIOS-e820: [mem 0x000000000009fc00-0x000000000009ffff] reserved
[    0.000000] BIOS-e820: [mem 0x00000000000f0000-0x00000000000fffff] reserved
[    0.000000] BIOS-e820: [mem 0x0000000000100000-0x00000000bffd9fff] usable
[    0.000000] BIOS-e820: [mem 0x00000000bffda000-0x00000000bfffffff] reserved
[    0.000000] BIOS-e820: [mem 0x00000000feffc000-0x00000000feffffff] reserved
[    0.000000] BIOS-e820: [mem 0x00000000fffc0000-0x00000000ffffffff] reserved
[    0.000000] BIOS-e820: [mem 0x0000000100000000-0x000000013fffffff] usable
[    0.000000] BIOS-e820: [mem 0x000000fd00000000-0x000000ffffffffff] reserved
[    0.000000] NX (Execute Disable) protection: active
[    0.000000] APIC: Static calls initialized
[    0.000000] SMBIOS 2.8 present.
[    0.000000] DMI: QEMU Standard PC (i440FX + PIIX, 1996), BIOS rel-1.17.0-0-gb52ca86e094d-prebuilt.qemu.org 04/01/2014
[    0.000000] Hypervisor detected: KVM
[    0.000000] kvm-clock: Using msrs 4b564d01 and 4b564d00
[    0.000001] kvm-clock: using sched offset of 1104854401411 cycles
[    0.000004] clocksource: kvm-clock: mask: 0xffffffffffffffff max_cycles: 0x1cd42e4dffb, max_idle_ns: 881590591483 ns
[    0.000008] tsc: Detected 3400.000 MHz processor
[    0.001219] e820: update [mem 0x00000000-0x00000fff] usable ==> reserved
[    0.001224] e820: remove [mem 0x000a0000-0x000fffff] usable
[    0.120418] AGP: No AGP bridge found
[    0.121310] last_pfn = 0x140000 max_arch_pfn = 0x400000000
[    0.121387] MTRR map: 4 entries (3 fixed + 1 variable; max 19), built from 8 variable MTRRs
[    0.121396] x86/PAT: Configuration [0-7]: WB	 WC  UC- UC  WB	 WP  UC- WT
[    0.121478] last_pfn = 0xbffda max_arch_pfn = 0x400000000
[    0.123799] found SMP MP-table at [mem 0x000f5490-0x000f549f]
[    0.124267] RAMDISK: [mem 0x2fccd000-0x33e5dfff]
[    0.125537] ACPI: Early table checksum verification disabled
[    0.125555] ACPI: RSDP 0x00000000000F5290 000014 (v00 BOCHS )
[    0.125568] ACPI: RSDT 0x00000000BFFE3B5F 000034 (v01 BOCHS	BXPC	 00000001 BXPC 00000001)
[    0.125587] ACPI: FACP 0x00000000BFFE3979 000074 (v01 BOCHS	BXPC	 00000001 BXPC 00000001)
[    0.125602] ACPI: DSDT 0x00000000BFFDF040 004939 (v01 BOCHS	BXPC	 00000001 BXPC 00000001)
[    0.125610] ACPI: FACS 0x00000000BFFDF000 000040
[    0.125616] ACPI: APIC 0x00000000BFFE39ED 000080 (v03 BOCHS	BXPC	 00000001 BXPC 00000001)
[    0.125623] ACPI: SSDT 0x00000000BFFE3A6D 0000CA (v01 BOCHS	VMGENID	 00000001 BXPC 00000001)
[    0.125631] ACPI: WAET 0x00000000BFFE3B37 000028 (v01 BOCHS	BXPC	 00000001 BXPC 00000001)
[    0.125636] ACPI: Reserving FACP table memory at [mem 0xbffe3979-0xbffe39ec]
[    0.125640] ACPI: Reserving DSDT table memory at [mem 0xbffdf040-0xbffe3978]
[    0.125641] ACPI: Reserving FACS table memory at [mem 0xbffdf000-0xbffdf03f]
[    0.125643] ACPI: Reserving APIC table memory at [mem 0xbffe39ed-0xbffe3a6c]
[    0.125645] ACPI: Reserving SSDT table memory at [mem 0xbffe3a6d-0xbffe3b36]
[    0.125647] ACPI: Reserving WAET table memory at [mem 0xbffe3b37-0xbffe3b5e]
[    0.126264] No NUMA configuration found
[    0.126268] Faking a node at [mem 0x0000000000000000-0x000000013fffffff]
[    0.126284] NODE_DATA(0) allocated [mem 0x13ffd5000-0x13fffffff]
[    0.126988] Zone ranges:
[    0.126991]	 DMA	  [mem 0x0000000000001000-0x0000000000ffffff]
[    0.126995]	 DMA32	  [mem 0x0000000001000000-0x00000000ffffffff]
[    0.126998]	 Normal	  [mem 0x0000000100000000-0x000000013fffffff]
[    0.127002]	 Device	  empty
[    0.127004] Movable zone start for each node
[    0.127006] Early memory node ranges
[    0.127008]	 node	0: [mem 0x0000000000001000-0x000000000009efff]
[    0.127012]	 node	0: [mem 0x0000000000100000-0x00000000bffd9fff]
[    0.127014]	 node	0: [mem 0x0000000100000000-0x000000013fffffff]
[    0.127018] Initmem setup node 0 [mem 0x0000000000001000-0x000000013fffffff]
[    0.127043] On node 0, zone DMA: 1 pages in unavailable ranges
[    0.127194] On node 0, zone DMA: 97 pages in unavailable ranges
[    0.175598] On node 0, zone Normal: 38 pages in unavailable ranges
[    0.177476] ACPI: PM-Timer IO Port: 0x608
[    0.177508] ACPI: LAPIC_NMI (acpi_id[0xff] dfl dfl lint[0x1])
[    0.177573] IOAPIC[0]: apic_id 0, version 17, address 0xfec00000, GSI 0-23
[    0.177579] ACPI: INT_SRC_OVR (bus 0 bus_irq 0 global_irq 2 dfl dfl)
[    0.177585] ACPI: INT_SRC_OVR (bus 0 bus_irq 5 global_irq 5 high level)
[    0.177589] ACPI: INT_SRC_OVR (bus 0 bus_irq 9 global_irq 9 high level)
[    0.177592] ACPI: INT_SRC_OVR (bus 0 bus_irq 10 global_irq 10 high level)
[    0.177595] ACPI: INT_SRC_OVR (bus 0 bus_irq 11 global_irq 11 high level)
[    0.177602] ACPI: Using ACPI (MADT) for SMP configuration information
[    0.177608] smpboot: Allowing 2 CPUs, 0 hotplug CPUs
[    0.177661] kvm-guest: APIC: eoi() replaced with kvm_guest_apic_eoi_write()
[    0.177706] PM: hibernation: Registered nosave memory: [mem 0x00000000-0x00000fff]
[    0.177711] PM: hibernation: Registered nosave memory: [mem 0x0009f000-0x0009ffff]
[    0.177713] PM: hibernation: Registered nosave memory: [mem 0x000a0000-0x000effff]
[    0.177714] PM: hibernation: Registered nosave memory: [mem 0x000f0000-0x000fffff]
[    0.177717] PM: hibernation: Registered nosave memory: [mem 0xbffda000-0xbfffffff]
[    0.177719] PM: hibernation: Registered nosave memory: [mem 0xc0000000-0xfeffbfff]
[    0.177721] PM: hibernation: Registered nosave memory: [mem 0xfeffc000-0xfeffffff]
[    0.177724] PM: hibernation: Registered nosave memory: [mem 0xff000000-0xfffbffff]
[    0.177725] PM: hibernation: Registered nosave memory: [mem 0xfffc0000-0xffffffff]
[    0.177730] [mem 0xc0000000-0xfeffbfff] available for PCI devices
[    0.177735] Booting paravirtualized kernel on KVM
[    0.177741] clocksource: refined-jiffies: mask: 0xffffffff max_cycles: 0xffffffff, max_idle_ns: 1910969940391419 ns
[    0.177763] setup_percpu: NR_CPUS:8192 nr_cpumask_bits:2 nr_cpu_ids:2 nr_node_ids:1
[    0.180822] percpu: Embedded 86 pages/cpu s229376 r8192 d114688 u1048576
[    0.180830] pcpu-alloc: s229376 r8192 d114688 u1048576 alloc=1*2097152
[    0.180836] pcpu-alloc: [0] 0 1
[    0.180892] kvm-guest: PV spinlocks enabled
[    0.180898] PV qspinlock hash table entries: 256 (order: 0, 4096 bytes, linear)
[    0.180904] Kernel command line: BOOT_IMAGE=/vmlinuz-6.8.0-55-generic root=/dev/mapper/ubuntu--vg-ubuntu--lv ro
[    0.181032] Unknown kernel command line parameters "BOOT_IMAGE=/vmlinuz-6.8.0-55-generic", will be passed to user space.
[    0.182875] Dentry cache hash table entries: 524288 (order: 10, 4194304 bytes, linear)
[    0.183797] Inode-cache hash table entries: 262144 (order: 9, 2097152 bytes, linear)
[    0.183890] Fallback order for Node 0: 0
[    0.183898] Built 1 zonelists, mobility grouping on.	 Total pages: 1031898
[    0.183902] Policy zone: Normal
[    0.183912] mem auto-init: stack:all(zero), heap alloc:on, heap free:off
[    0.183919] AGP: Checking aperture...
[    0.395280] AGP: No AGP bridge found
[    0.396777] software IO TLB: area num 2.
[    0.430484] Memory: 3933500K/4193760K available (22528K kernel code, 4443K rwdata, 14344K rodata, 4988K init, 4716K bss, 260000K reserved, 0K cma-reserved)
[    0.457931] SLUB: HWalign=64, Order=0-3, MinObjects=0, CPUs=2, Nodes=1
[    0.458073] ftrace: allocating 58006 entries in 227 pages
[    0.469258] ftrace: allocated 227 pages with 5 groups
[    0.470179] Dynamic Preempt: voluntary
[    0.470316] rcu: Preemptible hierarchical RCU implementation.
[    0.470317] rcu:	RCU restricting CPUs from NR_CPUS=8192 to nr_cpu_ids=2.
[    0.470318]	Trampoline variant of Tasks RCU enabled.
[    0.470319]	Rude variant of Tasks RCU enabled.
[    0.470319]	Tracing variant of Tasks RCU enabled.
[    0.470320] rcu: RCU calculated value of scheduler-enlistment delay is 100 jiffies.
[    0.470321] rcu: Adjusting geometry for rcu_fanout_leaf=16, nr_cpu_ids=2
[    0.473260] NR_IRQS: 524544, nr_irqs: 440, preallocated irqs: 16
[    0.473488] rcu: srcu_init: Setting srcu_struct sizes based on contention.
[    0.473553] Console: colour dummy device 80x25
[    0.473555] printk: legacy console [tty0] enabled
[    0.473896] ACPI: Core revision 20230628
[    0.474102] APIC: Switch to symmetric I/O mode setup
[    0.474284] x2apic enabled
[    0.474557] APIC: Switched APIC routing to: physical x2apic
[    0.475570] ..TIMER: vector=0x30 apic1=0 pin1=2 apic2=-1 pin2=-1
[    0.475596] tsc: Marking TSC unstable due to TSCs unsynchronized
[    0.475603] Calibrating delay loop (skipped) preset value.. 6800.00 BogoMIPS (lpj=3400000)
[    0.475749] process: using AMD E400 aware idle routine
[    0.475756] Last level iTLB entries: 4KB 512, 2MB 255, 4MB 127
[    0.475759] Last level dTLB entries: 4KB 512, 2MB 255, 4MB 127, 1GB 0
[    0.475764] Spectre V1 : Mitigation: usercopy/swapgs barriers and __user pointer sanitization
[    0.475768] Spectre V2 : Mitigation: Retpolines
[    0.475770] Spectre V2 : Spectre v2 / SpectreRSB mitigation: Filling RSB on context switch
[    0.475773] Spectre V2 : Spectre v2 / SpectreRSB : Filling RSB on VMEXIT
[    0.475778] x86/fpu: x87 FPU will use FXSAVE
[    0.501150] Freeing SMP alternatives memory: 48K
[    0.501160] pid_max: default: 32768 minimum: 301
[    0.501648] LSM: initializing lsm=lockdown,capability,landlock,yama,apparmor,integrity
[    0.501813] landlock: Up and running.
[    0.501815] Yama: becoming mindful.
[    0.501882] AppArmor: AppArmor initialized
[    0.502047] Mount-cache hash table entries: 8192 (order: 4, 65536 bytes, linear)
[    0.502054] Mountpoint-cache hash table entries: 8192 (order: 4, 65536 bytes, linear)
[    0.604727] smpboot: CPU0: AMD QEMU Virtual CPU version 2.5+ (family: 0xf, model: 0x6b, stepping: 0x1)
[    0.605055] RCU Tasks: Setting shift to 1 and lim to 1 rcu_task_cb_adjust=1 rcu_task_cpu_ids=2.
[    0.605086] RCU Tasks Rude: Setting shift to 1 and lim to 1 rcu_task_cb_adjust=1 rcu_task_cpu_ids=2.
[    0.605104] RCU Tasks Trace: Setting shift to 1 and lim to 1 rcu_task_cb_adjust=1 rcu_task_cpu_ids=2.
[    0.605126] Performance Events: AMD PMU driver.
[    0.605144] ... version:		   0
[    0.605146] ... bit width:		   48
[    0.605148] ... generic registers:	   4
[    0.605150] ... value mask:		   0000ffffffffffff
[    0.605152] ... max period:		   00007fffffffffff
[    0.605154] ... fixed-purpose events:   0
[    0.605156] ... event mask:		   000000000000000f
[    0.605258] signal: max sigframe size: 1440
[    0.605305] rcu: Hierarchical SRCU implementation.
[    0.605308] rcu:	Max phase no-delay instances is 400.
[    0.605644] smp: Bringing up secondary CPUs ...
[    0.605789] smpboot: x86: Booting SMP configuration:
[    0.605792] .... node  #0, CPUs:	 #1
[    0.606665] smp: Brought up 1 node, 2 CPUs
[    0.606665] smpboot: Max logical packages: 1
[    0.606665] smpboot: Total of 2 processors activated (13600.00 BogoMIPS)
[    0.607856] devtmpfs: initialized
[    0.607856] x86/mm: Memory block size: 128MB
[    0.608819] clocksource: jiffies: mask: 0xffffffff max_cycles: 0xffffffff, max_idle_ns: 1911260446275000 ns
[    0.608832] futex hash table entries: 512 (order: 3, 32768 bytes, linear)
[    0.609196] pinctrl core: initialized pinctrl subsystem
[    0.609604] PM: RTC time: 08:28:04, date: 2026-03-12
[    0.612549] NET: Registered PF_NETLINK/PF_ROUTE protocol family
[    0.612829] DMA: preallocated 512 KiB GFP_KERNEL pool for atomic allocations
[    0.612997] DMA: preallocated 512 KiB GFP_KERNEL|GFP_DMA pool for atomic allocations
[    0.613167] DMA: preallocated 512 KiB GFP_KERNEL|GFP_DMA32 pool for atomic allocations
[    0.613205] audit: initializing netlink subsys (disabled)
[    0.614348] thermal_sys: Registered thermal governor 'fair_share'
[    0.614350] thermal_sys: Registered thermal governor 'bang_bang'
[    0.614353] thermal_sys: Registered thermal governor 'step_wise'
[    0.614355] thermal_sys: Registered thermal governor 'user_space'
[    0.614357] thermal_sys: Registered thermal governor 'power_allocator'
[    0.614365] EISA bus registered
[    0.614391] audit: type=2000 audit(1773304084.012:1): state=initialized audit_enabled=0 res=1
[    0.614692] cpuidle: using governor ladder
[    0.614702] cpuidle: using governor menu
[    0.614922] acpiphp: ACPI Hot Plug PCI Controller Driver version: 0.5
[    0.615266] PCI: Using configuration type 1 for base access
[    0.615521] kprobes: kprobe jump-optimization is enabled. All kprobes are optimized if possible.
[    0.632606] HugeTLB: registered 2.00 MiB page size, pre-allocated 0 pages
[    0.632621] HugeTLB: 28 KiB vmemmap can be freed for a 2.00 MiB page
[    0.634987] fbcon: Taking over console
[    0.635032] ACPI: Added _OSI(Module Device)
[    0.635036] ACPI: Added _OSI(Processor Device)
[    0.635039] ACPI: Added _OSI(3.0 _SCP Extensions)
[    0.635042] ACPI: Added _OSI(Processor Aggregator Device)
[    0.639978] ACPI: 2 ACPI AML tables successfully acquired and loaded
[    0.656477] ACPI: _OSC evaluation for CPUs failed, trying _PDC
[    0.656477] ACPI: Interpreter enabled
[    0.656477] ACPI: PM: (supports S0 S5)
[    0.656477] ACPI: Using IOAPIC for interrupt routing
[    0.656867] PCI: Using host bridge windows from ACPI; if necessary, use "pci=nocrs" and report a bug
[    0.656873] PCI: Using E820 reservations for host bridge windows
[    0.657122] ACPI: Enabled 3 GPEs in block 00 to 0F
[    0.664026] ACPI: PCI Root Bridge [PCI0] (domain 0000 [bus 00-ff])
[    0.664056] acpi PNP0A03:00: _OSC: OS supports [ASPM ClockPM Segments MSI EDR HPX-Type3]
[    0.664061] acpi PNP0A03:00: _OSC: not requesting OS control; OS requires [ExtendedConfig ASPM ClockPM MSI]
[    0.664080] acpi PNP0A03:00: fail to add MMCONFIG information, can't access extended configuration space under this bridge
[    0.664753] acpiphp: Slot [3] registered
[    0.664799] acpiphp: Slot [8] registered
[    0.664826] acpiphp: Slot [18] registered
[    0.664887] acpiphp: Slot [4] registered
[    0.664912] acpiphp: Slot [6] registered
[    0.664940] acpiphp: Slot [7] registered
[    0.664966] acpiphp: Slot [9] registered
[    0.664989] acpiphp: Slot [10] registered
[    0.665013] acpiphp: Slot [11] registered
[    0.665037] acpiphp: Slot [12] registered
[    0.665061] acpiphp: Slot [13] registered
[    0.665085] acpiphp: Slot [14] registered
[    0.665156] acpiphp: Slot [15] registered
[    0.665183] acpiphp: Slot [16] registered
[    0.665206] acpiphp: Slot [17] registered
[    0.665230] acpiphp: Slot [19] registered
[    0.665253] acpiphp: Slot [20] registered
[    0.665277] acpiphp: Slot [21] registered
[    0.665301] acpiphp: Slot [22] registered
[    0.665333] acpiphp: Slot [23] registered
[    0.665360] acpiphp: Slot [24] registered
[    0.665385] acpiphp: Slot [25] registered
[    0.665408] acpiphp: Slot [26] registered
[    0.665432] acpiphp: Slot [27] registered
[    0.665455] acpiphp: Slot [28] registered
[    0.665485] acpiphp: Slot [29] registered
[    0.665508] PCI host bridge to bus 0000:00
[    0.665513] pci_bus 0000:00: root bus resource [io  0x0000-0x0cf7 window]
[    0.665517] pci_bus 0000:00: root bus resource [io  0x0d00-0xffff window]
[    0.665521] pci_bus 0000:00: root bus resource [mem 0x000a0000-0x000bffff window]
[    0.665525] pci_bus 0000:00: root bus resource [mem 0xc0000000-0xfebfffff window]
[    0.665528] pci_bus 0000:00: root bus resource [mem 0xc000000000-0xc0a000bfff window]
[    0.665532] pci_bus 0000:00: root bus resource [bus 00-ff]
[    0.665633] pci 0000:00:00.0: [8086:1237] type 00 class 0x060000 conventional PCI endpoint
[    0.666348] pci 0000:00:01.0: [8086:7000] type 00 class 0x060100 conventional PCI endpoint
[    0.667200] pci 0000:00:01.1: [8086:7010] type 00 class 0x010180 conventional PCI endpoint
[    0.673238] pci 0000:00:01.1: BAR 4 [io  0xf0e0-0xf0ef]
[    0.676647] pci 0000:00:01.1: BAR 0 [io  0x01f0-0x01f7]: legacy IDE quirk
[    0.676672] pci 0000:00:01.1: BAR 1 [io  0x03f6]: legacy IDE quirk
[    0.676680] pci 0000:00:01.1: BAR 2 [io  0x0170-0x0177]: legacy IDE quirk
[    0.676685] pci 0000:00:01.1: BAR 3 [io  0x0376]: legacy IDE quirk
[    0.677214] pci 0000:00:01.2: [8086:7020] type 00 class 0x0c0300 conventional PCI endpoint
[    0.683610] pci 0000:00:01.2: BAR 4 [io  0xf0c0-0xf0df]
[    0.687978] pci 0000:00:01.3: [8086:7113] type 00 class 0x068000 conventional PCI endpoint
[    0.688734] pci 0000:00:01.3: quirk: [io  0x0600-0x063f] claimed by PIIX4 ACPI
[    0.688760] pci 0000:00:01.3: quirk: [io  0x0700-0x070f] claimed by PIIX4 SMB
[    0.689262] pci 0000:00:02.0: [1234:1111] type 00 class 0x030000 conventional PCI endpoint
[    0.697628] pci 0000:00:02.0: BAR 0 [mem 0xfd000000-0xfdffffff pref]
[    0.702509] pci 0000:00:02.0: BAR 2 [mem 0xfea50000-0xfea50fff]
[    0.716631] pci 0000:00:02.0: ROM [mem 0xfea40000-0xfea4ffff pref]
[    0.716840] pci 0000:00:02.0: Video device with shadowed ROM at [mem 0x000c0000-0x000dffff]
[    0.717857] pci 0000:00:03.0: [1af4:1002] type 00 class 0x00ff00 conventional PCI endpoint
[    0.719603] pci 0000:00:03.0: BAR 0 [io  0xf000-0xf03f]
[    0.722604] pci 0000:00:03.0: BAR 1 [mem 0xfea51000-0xfea51fff]
[    0.734610] pci 0000:00:03.0: BAR 4 [mem 0xc0a0000000-0xc0a0003fff 64bit pref]
[    0.746748] pci 0000:00:05.0: [1b36:0001] type 01 class 0x060400 conventional PCI bridge
[    0.749607] pci 0000:00:05.0: BAR 0 [mem 0xc000000000-0xc0000000ff 64bit]
[    0.751619] pci 0000:00:05.0: PCI bridge to [bus 01]
[    0.751665] pci 0000:00:05.0:   bridge window [io  0xe000-0xefff]
[    0.751697] pci 0000:00:05.0:   bridge window [mem 0xfe800000-0xfe9fffff]
[    0.752219] pci 0000:00:05.0:   bridge window [mem 0xc080000000-0xc09fffffff 64bit pref]
[    0.754394] pci 0000:00:08.0: [1af4:1003] type 00 class 0x078000 conventional PCI endpoint
[    0.756604] pci 0000:00:08.0: BAR 0 [io  0xf040-0xf07f]
[    0.761605] pci 0000:00:08.0: BAR 1 [mem 0xfea52000-0xfea52fff]
[    0.767607] pci 0000:00:08.0: BAR 4 [mem 0xc0a0004000-0xc0a0007fff 64bit pref]
[    0.780782] pci 0000:00:12.0: [1af4:1000] type 00 class 0x020000 conventional PCI endpoint
[    0.785613] pci 0000:00:12.0: BAR 0 [io  0xf080-0xf0bf]
[    0.787606] pci 0000:00:12.0: BAR 1 [mem 0xfea53000-0xfea53fff]
[    0.793606] pci 0000:00:12.0: BAR 4 [mem 0xc0a0008000-0xc0a000bfff 64bit pref]
[    0.795605] pci 0000:00:12.0: ROM [mem 0xfea00000-0xfea3ffff pref]
[    0.800205] pci 0000:00:1e.0: [1b36:0001] type 01 class 0x060400 conventional PCI bridge
[    0.805608] pci 0000:00:1e.0: BAR 0 [mem 0xc000001000-0xc0000010ff 64bit]
[    0.806094] pci 0000:00:1e.0: PCI bridge to [bus 02]
[    0.806136] pci 0000:00:1e.0:   bridge window [io  0xd000-0xdfff]
[    0.806163] pci 0000:00:1e.0:   bridge window [mem 0xfe600000-0xfe7fffff]
[    0.806648] pci 0000:00:1e.0:   bridge window [mem 0xc060000000-0xc07fffffff 64bit pref]
[    0.807769] pci 0000:00:1f.0: [1b36:0001] type 01 class 0x060400 conventional PCI bridge
[    0.809175] pci 0000:00:1f.0: BAR 0 [mem 0xc000002000-0xc0000020ff 64bit]
[    0.810144] pci 0000:00:1f.0: PCI bridge to [bus 03]
[    0.810186] pci 0000:00:1f.0:   bridge window [io  0xc000-0xcfff]
[    0.810213] pci 0000:00:1f.0:   bridge window [mem 0xfe400000-0xfe5fffff]
[    0.810948] pci 0000:00:1f.0:   bridge window [mem 0xc040000000-0xc05fffffff 64bit pref]
[    0.812613] pci_bus 0000:01: extended config space not accessible
[    0.812877] acpiphp: Slot [1-2] registered
[    0.812905] acpiphp: Slot [0] registered
[    0.812929] acpiphp: Slot [2] registered
[    0.812958] acpiphp: Slot [3-2] registered
[    0.812987] acpiphp: Slot [4-2] registered
[    0.813011] acpiphp: Slot [5] registered
[    0.813038] acpiphp: Slot [6-2] registered
[    0.813065] acpiphp: Slot [7-2] registered
[    0.813091] acpiphp: Slot [8-2] registered
[    0.813128] acpiphp: Slot [9-2] registered
[    0.813155] acpiphp: Slot [10-2] registered
[    0.813185] acpiphp: Slot [11-2] registered
[    0.813211] acpiphp: Slot [12-2] registered
[    0.813238] acpiphp: Slot [13-2] registered
[    0.813266] acpiphp: Slot [14-2] registered
[    0.813293] acpiphp: Slot [15-2] registered
[    0.813320] acpiphp: Slot [16-2] registered
[    0.813347] acpiphp: Slot [17-2] registered
[    0.813375] acpiphp: Slot [18-2] registered
[    0.813402] acpiphp: Slot [19-2] registered
[    0.813429] acpiphp: Slot [20-2] registered
[    0.813455] acpiphp: Slot [21-2] registered
[    0.813482] acpiphp: Slot [22-2] registered
[    0.813509] acpiphp: Slot [23-2] registered
[    0.813536] acpiphp: Slot [24-2] registered
[    0.813564] acpiphp: Slot [25-2] registered
[    0.813602] acpiphp: Slot [26-2] registered
[    0.813632] acpiphp: Slot [27-2] registered
[    0.813665] acpiphp: Slot [28-2] registered
[    0.813693] acpiphp: Slot [29-2] registered
[    0.813718] acpiphp: Slot [30] registered
[    0.813742] acpiphp: Slot [31] registered
[    0.814208] pci 0000:01:01.0: [1af4:1004] type 00 class 0x010000 conventional PCI endpoint
[    0.816604] pci 0000:01:01.0: BAR 0 [io  0xe000-0xe03f]
[    0.820611] pci 0000:01:01.0: BAR 1 [mem 0xfe800000-0xfe800fff]
[    0.825607] pci 0000:01:01.0: BAR 4 [mem 0xc080000000-0xc080003fff 64bit pref]
[    0.841063] pci 0000:00:05.0: PCI bridge to [bus 01]
[    0.842244] pci_bus 0000:02: extended config space not accessible
[    0.842671] acpiphp: Slot [0-2] registered
[    0.842713] acpiphp: Slot [1-3] registered
[    0.842744] acpiphp: Slot [2-2] registered
[    0.842774] acpiphp: Slot [3-3] registered
[    0.842808] acpiphp: Slot [4-3] registered
[    0.842837] acpiphp: Slot [5-2] registered
[    0.842869] acpiphp: Slot [6-3] registered
[    0.842900] acpiphp: Slot [7-3] registered
[    0.842929] acpiphp: Slot [8-3] registered
[    0.842968] acpiphp: Slot [9-3] registered
[    0.843000] acpiphp: Slot [10-3] registered
[    0.843037] acpiphp: Slot [11-3] registered
[    0.843066] acpiphp: Slot [12-3] registered
[    0.843109] acpiphp: Slot [13-3] registered
[    0.843164] acpiphp: Slot [14-3] registered
[    0.843198] acpiphp: Slot [15-3] registered
[    0.843234] acpiphp: Slot [16-3] registered
[    0.843267] acpiphp: Slot [17-3] registered
[    0.843301] acpiphp: Slot [18-3] registered
[    0.843332] acpiphp: Slot [19-3] registered
[    0.843363] acpiphp: Slot [20-3] registered
[    0.843394] acpiphp: Slot [21-3] registered
[    0.843426] acpiphp: Slot [22-3] registered
[    0.843456] acpiphp: Slot [23-3] registered
[    0.843684] acpiphp: Slot [24-3] registered
[    0.843881] acpiphp: Slot [25-3] registered
[    0.844017] acpiphp: Slot [26-3] registered
[    0.844149] acpiphp: Slot [27-3] registered
[    0.844623] acpiphp: Slot [28-3] registered
[    0.844769] acpiphp: Slot [29-3] registered
[    0.844894] acpiphp: Slot [30-2] registered
[    0.845088] acpiphp: Slot [31-2] registered
[    0.857491] pci 0000:00:1e.0: PCI bridge to [bus 02]
[    0.858867] pci_bus 0000:03: extended config space not accessible
[    0.859411] acpiphp: Slot [0-3] registered
[    0.859603] acpiphp: Slot [1-4] registered
[    0.859647] acpiphp: Slot [2-3] registered
[    0.859694] acpiphp: Slot [3-4] registered
[    0.859740] acpiphp: Slot [4-4] registered
[    0.859786] acpiphp: Slot [5-3] registered
[    0.859824] acpiphp: Slot [6-4] registered
[    0.859863] acpiphp: Slot [7-4] registered
[    0.859901] acpiphp: Slot [8-4] registered
[    0.859941] acpiphp: Slot [9-4] registered
[    0.859975] acpiphp: Slot [10-4] registered
[    0.860015] acpiphp: Slot [11-4] registered
[    0.860063] acpiphp: Slot [12-4] registered
[    0.860097] acpiphp: Slot [13-4] registered
[    0.860139] acpiphp: Slot [14-4] registered
[    0.860177] acpiphp: Slot [15-4] registered
[    0.860213] acpiphp: Slot [16-4] registered
[    0.860248] acpiphp: Slot [17-4] registered
[    0.860283] acpiphp: Slot [18-4] registered
[    0.860331] acpiphp: Slot [19-4] registered
[    0.860374] acpiphp: Slot [20-4] registered
[    0.860416] acpiphp: Slot [21-4] registered
[    0.860456] acpiphp: Slot [22-4] registered
[    0.860498] acpiphp: Slot [23-4] registered
[    0.860542] acpiphp: Slot [24-4] registered
[    0.860581] acpiphp: Slot [25-4] registered
[    0.860625] acpiphp: Slot [26-4] registered
[    0.860664] acpiphp: Slot [27-4] registered
[    0.860714] acpiphp: Slot [28-4] registered
[    0.860746] acpiphp: Slot [29-4] registered
[    0.860776] acpiphp: Slot [30-3] registered
[    0.860805] acpiphp: Slot [31-3] registered
[    0.872551] pci 0000:00:1f.0: PCI bridge to [bus 03]
[    0.876485] ACPI: PCI: Interrupt link LNKA configured for IRQ 10
[    0.876711] ACPI: PCI: Interrupt link LNKB configured for IRQ 10
[    0.876880] ACPI: PCI: Interrupt link LNKC configured for IRQ 11
[    0.877061] ACPI: PCI: Interrupt link LNKD configured for IRQ 11
[    0.877172] ACPI: PCI: Interrupt link LNKS configured for IRQ 9
[    0.878665] iommu: Default domain type: Translated
[    0.878665] iommu: DMA domain TLB invalidation policy: lazy mode
[    0.879227] SCSI subsystem initialized
[    0.879652] libata version 3.00 loaded.
[    0.879681] ACPI: bus type USB registered
[    0.879710] usbcore: registered new interface driver usbfs
[    0.879719] usbcore: registered new interface driver hub
[    0.879727] usbcore: registered new device driver usb
[    0.879771] pps_core: LinuxPPS API ver. 1 registered
[    0.879773] pps_core: Software ver. 5.3.6 - Copyright 2005-2007 Rodolfo Giometti <giometti@linux.it>
[    0.879780] PTP clock support registered
[    0.880627] EDAC MC: Ver: 3.0.0
[    0.881919] NetLabel: Initializing
[    0.881923] NetLabel:  domain hash size = 128
[    0.881925] NetLabel:  protocols = UNLABELED CIPSOv4 CALIPSO
[    0.881963] NetLabel:  unlabeled traffic allowed by default
[    0.882688] mctp: management component transport protocol core
[    0.882688] NET: Registered PF_MCTP protocol family
[    0.882688] PCI: Using ACPI for IRQ routing
[    0.882688] PCI: pci_cache_line_size set to 64 bytes
[    0.884020] e820: reserve RAM buffer [mem 0x0009fc00-0x0009ffff]
[    0.884029] e820: reserve RAM buffer [mem 0xbffda000-0xbfffffff]
[    0.884634] pci 0000:00:02.0: vgaarb: setting as boot VGA device
[    0.884641] pci 0000:00:02.0: vgaarb: bridge control possible
[    0.884645] pci 0000:00:02.0: vgaarb: VGA device added: decodes=io+mem,owns=io+mem,locks=none
[    0.884645] vgaarb: loaded
[    0.887543] clocksource: Switched to clocksource kvm-clock
[    0.888736] VFS: Disk quotas dquot_6.6.0
[    0.888772] VFS: Dquot-cache hash table entries: 512 (order 0, 4096 bytes)
[    0.889042] AppArmor: AppArmor Filesystem Enabled
[    0.889092] pnp: PnP ACPI init
[    0.889411] pnp 00:02: [dma 2]
[    0.890042] pnp: PnP ACPI: found 4 devices
[    0.903357] clocksource: acpi_pm: mask: 0xffffff max_cycles: 0xffffff, max_idle_ns: 2085701024 ns
[    0.903828] NET: Registered PF_INET protocol family
[    0.904296] IP idents hash table entries: 65536 (order: 7, 524288 bytes, linear)
[    0.940289] tcp_listen_portaddr_hash hash table entries: 2048 (order: 3, 32768 bytes, linear)
[    0.940419] Table-perturb hash table entries: 65536 (order: 6, 262144 bytes, linear)
[    0.940527] TCP established hash table entries: 32768 (order: 6, 262144 bytes, linear)
[    0.941264] TCP bind hash table entries: 32768 (order: 8, 1048576 bytes, linear)
[    0.941334] TCP: Hash tables configured (established 32768 bind 32768)
[    0.941619] MPTCP token hash table entries: 4096 (order: 4, 98304 bytes, linear)
[    0.941695] UDP hash table entries: 2048 (order: 4, 65536 bytes, linear)
[    0.941748] UDP-Lite hash table entries: 2048 (order: 4, 65536 bytes, linear)
[    0.941880] NET: Registered PF_UNIX/PF_LOCAL protocol family
[    0.941898] NET: Registered PF_XDP protocol family
[    0.941943] pci 0000:00:05.0: PCI bridge to [bus 01]
[    0.942035] pci 0000:00:05.0:   bridge window [io  0xe000-0xefff]
[    0.944186] pci 0000:00:05.0:   bridge window [mem 0xfe800000-0xfe9fffff]
[    0.953135] pci 0000:00:05.0:   bridge window [mem 0xc080000000-0xc09fffffff 64bit pref]
[    0.956954] pci 0000:00:1e.0: PCI bridge to [bus 02]
[    0.957007] pci 0000:00:1e.0:   bridge window [io  0xd000-0xdfff]
[    0.958505] pci 0000:00:1e.0:   bridge window [mem 0xfe600000-0xfe7fffff]
[    0.960191] pci 0000:00:1e.0:   bridge window [mem 0xc060000000-0xc07fffffff 64bit pref]
[    0.962643] pci 0000:00:1f.0: PCI bridge to [bus 03]
[    0.962668] pci 0000:00:1f.0:   bridge window [io  0xc000-0xcfff]
[    0.964579] pci 0000:00:1f.0:   bridge window [mem 0xfe400000-0xfe5fffff]
[    0.965744] pci 0000:00:1f.0:   bridge window [mem 0xc040000000-0xc05fffffff 64bit pref]
[    0.970078] pci_bus 0000:00: resource 4 [io	0x0000-0x0cf7 window]
[    0.970124] pci_bus 0000:00: resource 5 [io	0x0d00-0xffff window]
[    0.970128] pci_bus 0000:00: resource 6 [mem 0x000a0000-0x000bffff window]
[    0.970132] pci_bus 0000:00: resource 7 [mem 0xc0000000-0xfebfffff window]
[    0.970135] pci_bus 0000:00: resource 8 [mem 0xc000000000-0xc0a000bfff window]
[    0.970140] pci_bus 0000:01: resource 0 [io	0xe000-0xefff]
[    0.970143] pci_bus 0000:01: resource 1 [mem 0xfe800000-0xfe9fffff]
[    0.970145] pci_bus 0000:01: resource 2 [mem 0xc080000000-0xc09fffffff 64bit pref]
[    0.970149] pci_bus 0000:02: resource 0 [io	0xd000-0xdfff]
[    0.970152] pci_bus 0000:02: resource 1 [mem 0xfe600000-0xfe7fffff]
[    0.970154] pci_bus 0000:02: resource 2 [mem 0xc060000000-0xc07fffffff 64bit pref]
[    0.970158] pci_bus 0000:03: resource 0 [io	0xc000-0xcfff]
[    0.970160] pci_bus 0000:03: resource 1 [mem 0xfe400000-0xfe5fffff]
[    0.970163] pci_bus 0000:03: resource 2 [mem 0xc040000000-0xc05fffffff 64bit pref]
[    0.970357] pci 0000:00:01.0: PIIX3: Enabling Passive Release
[    0.970382] pci 0000:00:00.0: Limiting direct PCI/PCI transfers
[    0.971503] ACPI: \_SB_.LNKD: Enabled at IRQ 11
[    0.972925] PCI: CLS 0 bytes, default 64
[    0.973610] PCI-DMA: Using software bounce buffering for IO (SWIOTLB)
[    0.973616] software IO TLB: mapped [mem 0x00000000bbfda000-0x00000000bffda000] (64MB)
[    0.974644] Initialise system trusted keyrings
[    0.974670] Key type blacklist registered
[    0.974836] workingset: timestamp_bits=36 max_order=20 bucket_order=0
[    0.974852] zbud: loaded
[    0.975933] Trying to unpack rootfs image as initramfs...
[    0.976578] squashfs: version 4.0 (2009/01/31) Phillip Lougher
[    0.977270] fuse: init (API version 7.39)
[    0.977727] integrity: Platform Keyring initialized
[    0.977738] integrity: Machine keyring initialized
[    0.988841] Key type asymmetric registered
[    0.988886] Asymmetric key parser 'x509' registered
[    0.989009] Block layer SCSI generic (bsg) driver version 0.4 loaded (major 243)
[    0.989325] io scheduler mq-deadline registered
[    0.990237] shpchp 0000:00:05.0: Requesting control of SHPC hotplug via OSHP (\_SB_.PCI0.S28_)
[    0.990275] shpchp 0000:00:05.0: Requesting control of SHPC hotplug via OSHP (\_SB_.PCI0)
[    0.990302] shpchp 0000:00:05.0: Cannot get control of SHPC hotplug
[    0.990470] shpchp 0000:00:1e.0: Requesting control of SHPC hotplug via OSHP (\_SB_.PCI0.SF0_)
[    0.990491] shpchp 0000:00:1e.0: Requesting control of SHPC hotplug via OSHP (\_SB_.PCI0)
[    0.990499] shpchp 0000:00:1e.0: Cannot get control of SHPC hotplug
[    0.990633] shpchp 0000:00:1f.0: Requesting control of SHPC hotplug via OSHP (\_SB_.PCI0.SF8_)
[    0.990654] shpchp 0000:00:1f.0: Requesting control of SHPC hotplug via OSHP (\_SB_.PCI0)
[    0.990662] shpchp 0000:00:1f.0: Cannot get control of SHPC hotplug
[    0.990674] shpchp: Standard Hot Plug PCI Controller Driver version: 0.4
[    0.991183] input: Power Button as /devices/LNXSYSTM:00/LNXPWRBN:00/input/input0
[    0.991705] ACPI: button: Power Button [PWRF]
[    0.994239] ACPI: \_SB_.LNKC: Enabled at IRQ 10
[    1.004492] ACPI: \_SB_.LNKB: Enabled at IRQ 10
[    1.007532] ACPI: \_SB_.LNKA: Enabled at IRQ 11
[    1.014040] Free page reporting enabled
[    1.014796] Serial: 8250/16550 driver, 32 ports, IRQ sharing enabled
[    1.037491] Linux agpgart interface v0.103
[    1.040555] loop: module loaded
[    1.041663] virtio_scsi virtio3: 2/0/0 default/read/poll queues
[    1.043660] scsi host0: Virtio SCSI HBA
[    1.045484] scsi 0:0:0:0: Direct-Access     QEMU	QEMU HARDDISK	 2.5+ PQ: 0 ANSI: 5
[    1.045687] ata_piix 0000:00:01.1: version 2.13
[    1.051058] scsi host1: ata_piix
[    1.051615] scsi host2: ata_piix
[    1.051664] ata1: PATA max MWDMA2 cmd 0x1f0 ctl 0x3f6 bmdma 0xf0e0 irq 14 lpm-pol 0
[    1.051673] ata2: PATA max MWDMA2 cmd 0x170 ctl 0x376 bmdma 0xf0e8 irq 15 lpm-pol 0
[    1.052480] ACPI: bus type drm_connector registered
[    1.053279] tun: Universal TUN/TAP device driver, 1.6
[    1.067253] PPP generic driver version 2.4.2
[    1.073496] uhci_hcd 0000:00:01.2: UHCI Host Controller
[    1.073547] uhci_hcd 0000:00:01.2: new USB bus registered, assigned bus number 1
[    1.073612] uhci_hcd 0000:00:01.2: detected 2 ports
[    1.073957] uhci_hcd 0000:00:01.2: irq 11, io port 0x0000f0c0
[    1.074290] usb usb1: New USB device found, idVendor=1d6b, idProduct=0001, bcdDevice= 6.08
[    1.074306] usb usb1: New USB device strings: Mfr=3, Product=2, SerialNumber=1
[    1.074316] usb usb1: Product: UHCI Host Controller
[    1.074324] usb usb1: Manufacturer: Linux 6.8.0-55-generic uhci_hcd
[    1.074332] usb usb1: SerialNumber: 0000:00:01.2
[    1.077519] hub 1-0:1.0: USB hub found
[    1.077617] hub 1-0:1.0: 2 ports detected
[    1.078003] i8042: PNP: PS/2 Controller [PNP0303:KBD,PNP0f13:MOU] at 0x60,0x64 irq 1,12
[    1.080473] serio: i8042 KBD port at 0x60,0x64 irq 1
[    1.080506] serio: i8042 AUX port at 0x60,0x64 irq 12
[    1.081037] mousedev: PS/2 mouse device common for all mice
[    1.081479] rtc_cmos 00:03: RTC can wake from S4
[    1.082007] input: AT Translated Set 2 keyboard as /devices/platform/i8042/serio0/input/input1
[    1.084655] rtc_cmos 00:03: registered as rtc0
[    1.084970] rtc_cmos 00:03: setting system clock to 2026-03-12T08:28:04 UTC (1773304084)
[    1.085094] rtc_cmos 00:03: alarms up to one day, y3k, 242 bytes nvram
[    1.085135] i2c_dev: i2c /dev entries driver
[    1.085214] device-mapper: core: CONFIG_IMA_DISABLE_HTABLE is disabled. Duplicate IMA measurements will not be recorded in the IMA log.
[    1.085336] device-mapper: uevent: version 1.0.3
[    1.085424] device-mapper: ioctl: 4.48.0-ioctl (2023-03-01) initialised: dm-devel@redhat.com
[    1.085505] platform eisa.0: Probing EISA bus 0
[    1.085513] platform eisa.0: EISA: Cannot allocate resource for mainboard
[    1.085520] platform eisa.0: Cannot allocate resource for EISA slot 1
[    1.085525] platform eisa.0: Cannot allocate resource for EISA slot 2
[    1.085527] platform eisa.0: Cannot allocate resource for EISA slot 3
[    1.085530] platform eisa.0: Cannot allocate resource for EISA slot 4
[    1.085533] platform eisa.0: Cannot allocate resource for EISA slot 5
[    1.085537] platform eisa.0: Cannot allocate resource for EISA slot 6
[    1.085541] platform eisa.0: Cannot allocate resource for EISA slot 7
[    1.085544] platform eisa.0: Cannot allocate resource for EISA slot 8
[    1.085546] platform eisa.0: EISA: Detected 0 cards
[    1.085551] amd_pstate: the _CPC object is not present in SBIOS or ACPI disabled
[    1.085870] ledtrig-cpu: registered to indicate activity on CPUs
[    1.089599] [drm] Initialized simpledrm 1.0.0 20200625 for simple-framebuffer.0 on minor 0
[    1.095157] sd 0:0:0:0: Power-on or device reset occurred
[    1.095379] sd 0:0:0:0: [sda] 67108864 512-byte logical blocks: (34.4 GB/32.0 GiB)
[    1.095434] sd 0:0:0:0: [sda] Write Protect is off
[    1.095443] sd 0:0:0:0: [sda] Mode Sense: 63 00 10 08
[    1.095951] sd 0:0:0:0: [sda] Write cache: enabled, read cache: enabled, supports DPO and FUA
[    1.096390] sd 0:0:0:0: Attached scsi generic sg0 type 0
[    1.103518] Console: switching to colour frame buffer device 100x37
[    1.109222] simple-framebuffer simple-framebuffer.0: [drm] fb0: simpledrmdrmfb frame buffer device
[    1.109946] drop_monitor: Initializing network drop monitor service
[    1.110545] NET: Registered PF_INET6 protocol family
[    1.169210]	sda: sda1 sda2 sda3
[    1.169777] sd 0:0:0:0: [sda] Attached SCSI disk
[    1.212463] ata2: found unknown device (class 0)
[    1.216510] ata2.00: ATAPI: QEMU DVD-ROM, 2.5+, max UDMA/100
[    1.218910] scsi 2:0:0:0: CD-ROM	       QEMU	QEMU DVD-ROM	 2.5+ PQ: 0 ANSI: 5
[    1.228298] Freeing initrd memory: 67140K
[    1.233887] sr 2:0:0:0: [sr0] scsi3-mmc drive: 4x/4x cd/rw xa/form2 tray
[    1.233973] cdrom: Uniform CD-ROM driver Revision: 3.20
[    1.246577] sr 2:0:0:0: Attached scsi CD-ROM sr0
[    1.246683] sr 2:0:0:0: Attached scsi generic sg1 type 5
[    1.255443] Segment Routing with IPv6
[    1.258213] In-situ OAM (IOAM) with IPv6
[    1.259146] NET: Registered PF_PACKET protocol family
[    1.259901] Key type dns_resolver registered
[    1.261470] IPI shorthand broadcast: enabled
[    1.264060] sched_clock: Marking stable (1262010620, 1105910)->(1274639960, -11523430)
[    1.266495] registered taskstats version 1
[    1.268685] Loading compiled-in X.509 certificates
[    1.270918] Loaded X.509 cert 'Build time autogenerated kernel key: e0bedf6fa049a1e09bd65ebab3904f14cdd5bc68'
[    1.276799] Loaded X.509 cert 'Canonical Ltd. Live Patch Signing: 14df34d1a87cf37625abec039ef2bf521249b969'
[    1.281942] Loaded X.509 cert 'Canonical Ltd. Kernel Module Signing: 88f752e560a1e0737e31163a466ad7b70a850c19'
[    1.298277] blacklist: Loading compiled-in revocation X.509 certificates
[    1.304539] Loaded X.509 cert 'Canonical Ltd. Secure Boot Signing: 61482aa2830d0ab2ad5af10b7250da9033ddcef0'
[    1.307969] usb 1-1: new full-speed USB device number 2 using uhci_hcd
[    1.313795] Loaded X.509 cert 'Canonical Ltd. Secure Boot Signing (2017): 242ade75ac4a15e50d50c84b0d45ff3eae707a03'
[    1.313859] Loaded X.509 cert 'Canonical Ltd. Secure Boot Signing (ESM 2018): 365188c1d374d6b07c3c8f240f8ef722433d6a8b'
[    1.313879] Loaded X.509 cert 'Canonical Ltd. Secure Boot Signing (2019): c0746fd6c5da3ae827864651ad66ae47fe24b3e8'
[    1.313900] Loaded X.509 cert 'Canonical Ltd. Secure Boot Signing (2021 v1): a8d54bbb3825cfb94fa13c9f8a594a195c107b8d'
[    1.313945] Loaded X.509 cert 'Canonical Ltd. Secure Boot Signing (2021 v2): 4cf046892d6fd3c9a5b03f98d845f90851dc6a8c'
[    1.313962] Loaded X.509 cert 'Canonical Ltd. Secure Boot Signing (2021 v3): 100437bb6de6e469b581e61cd66bce3ef4ed53af'
[    1.314002] Loaded X.509 cert 'Canonical Ltd. Secure Boot Signing (Ubuntu Core 2019): c1d57b8f6b743f23ee41f4f7ee292f06eecadfb9'
[    1.319762] Key type .fscrypt registered
[    1.337221] Key type fscrypt-provisioning registered
[    1.351547] cryptd: max_cpu_qlen set to 1000
[    1.367170] SSE version of gcm_enc/dec engaged.
[    1.397690] Key type encrypted registered
[    1.400970] AppArmor: AppArmor sha256 policy hashing enabled
[    1.402739] ima: No TPM chip found, activating TPM-bypass!
[    1.404308] Loading compiled-in module X.509 certificates
[    1.406218] Loaded X.509 cert 'Build time autogenerated kernel key: e0bedf6fa049a1e09bd65ebab3904f14cdd5bc68'
[    1.410617] ima: Allocated hash algorithm: sha256
[    1.413969] ima: No architecture policies found
[    1.415660] evm: Initialising EVM extended attributes:
[    1.416989] evm: security.selinux
[    1.418045] evm: security.SMACK64
[    1.421517] evm: security.SMACK64EXEC
[    1.422747] evm: security.SMACK64TRANSMUTE
[    1.423999] evm: security.SMACK64MMAP
[    1.425268] evm: security.apparmor
[    1.426257] evm: security.ima
[    1.427172] evm: security.capability
[    1.428057] evm: HMAC attrs: 0x1
[    1.432775] PM:   Magic number: 2:655:472
[    1.434432] acpi LNXSYSTM:00: hash matches
[    1.438210] powernow_k8: Power state transitions not supported
[    1.439076] powernow_k8: Power state transitions not supported
[    1.449242] RAS: Correctable Errors collector initialized.
[    1.451226] clk: Disabling unused clocks
[    1.455019] Freeing unused decrypted memory: 2028K
[    1.456749] Freeing unused kernel image (initmem) memory: 4988K
[    1.457990] Write protecting the kernel read-only data: 38912k
[    1.459698] Freeing unused kernel image (rodata/data gap) memory: 2040K
[    1.492084] x86/mm: Checked W+X mappings: passed, no W+X pages found.
[    1.492880] Run /init as init process
[    1.493469]	 with arguments:
[    1.493470]	   /init
[    1.493472]	 with environment:
[    1.493474]	   HOME=/
[    1.493474]	   TERM=linux
[    1.493475]	   BOOT_IMAGE=/vmlinuz-6.8.0-55-generic
[    1.546512] usb 1-1: New USB device found, idVendor=0627, idProduct=0001, bcdDevice= 0.00
[    1.547227] usb 1-1: New USB device strings: Mfr=1, Product=3, SerialNumber=10
[    1.547988] usb 1-1: Product: QEMU USB Tablet
[    1.548667] usb 1-1: Manufacturer: QEMU
[    1.549349] usb 1-1: SerialNumber: 28754-0000:00:01.2-1
[    1.614726] hid: raw HID events driver (C) Jiri Kosina
[    1.694393] virtio_net virtio2 ens18: renamed from eth0
[    1.707070] usbcore: registered new interface driver usbhid
[    1.707812] usbhid: USB HID core driver
[    1.709390] input: VirtualPS/2 VMware VMMouse as /devices/platform/i8042/serio1/input/input4
[    1.710493] input: VirtualPS/2 VMware VMMouse as /devices/platform/i8042/serio1/input/input3
[    1.711580] Console: switching to colour dummy device 80x25
[    1.715597] bochs-drm 0000:00:02.0: vgaarb: deactivate vga console
[    1.715714] [drm] Found bochs VGA, ID 0xb0c5.
[    1.715718] [drm] Framebuffer size 16384 kB @ 0xfd000000, mmio @ 0xfea50000.
[    1.717986] [drm] Found EDID data blob.
[    1.718398] [drm] Initialized bochs-drm 1.0.0 20130925 for 0000:00:02.0 on minor 0
[    1.719466] fbcon: bochs-drmdrmfb (fb0) is primary device
[    1.780098] input: QEMU QEMU USB Tablet as /devices/pci0000:00/0000:00:01.2/usb1/1-1/1-1:1.0/0003:0627:0001.0001/input/input5
[    1.788008] FDC 0 is a S82078B
[    1.803494] Console: switching to colour frame buffer device 160x50
[    1.814213] bochs-drm 0000:00:02.0: [drm] fb0: bochs-drmdrmfb frame buffer device
[    1.814516] hid-generic 0003:0627:0001.0001: input,hidraw0: USB HID v0.01 Mouse [QEMU QEMU USB Tablet] on usb-0000:00:01.2-1/input0
[    2.784133] random: crng init done
[    3.187114] workqueue: drm_fb_helper_damage_work hogged CPU for >10000us 4 times, consider switching to WQ_UNBOUND
[    3.242117] raid6: sse2x4   gen() 15181 MB/s
[    3.259120] raid6: sse2x2   gen()  4513 MB/s
[    3.276126] raid6: sse2x1   gen()  1190 MB/s
[    3.276143] raid6: using algorithm sse2x4 gen() 15181 MB/s
[    3.293117] raid6: .... xor() 3656 MB/s, rmw enabled
[    3.293137] raid6: using ssse3x2 recovery algorithm
[    3.295999] xor: measuring software checksum speed
[    3.296139]	  prefetch64-sse  : 25204 MB/sec
[    3.296276]	  generic_sse	  : 25756 MB/sec
[    3.296284] xor: using function: generic_sse (25756 MB/sec)
[    3.298129] async_tx: api initialized (async)
[    3.399225] Btrfs loaded, zoned=yes, fsverity=yes
[    3.726114] workqueue: drm_fb_helper_damage_work hogged CPU for >10000us 8 times, consider switching to WQ_UNBOUND
[    4.226028] EXT4-fs (dm-0): mounted filesystem 78dfc1ab-05ce-40b9-a2f8-2f3e03168145 ro with ordered data mode. Quota mode: none.
[    6.171762] systemd[1]: Inserted module 'autofs4'
[    6.777412] systemd[1]: systemd 255.4-1ubuntu8.5 running in system mode (+PAM +AUDIT +SELINUX +APPARMOR +IMA +SMACK +SECCOMP +GCRYPT -GNUTLS +OPENSSL +ACL +BLKID +CURL +ELFUTILS +FIDO2 +IDN2 -IDN +IPTC +KMOD +LIBCRYPTSETUP +LIBFDISK +PCRE2 -PWQUALITY +P11KIT +QRENCODE +TPM2 +BZIP2 +LZ4 +XZ +ZLIB +ZSTD -BPF_FRAMEWORK -XKBCOMMON +UTMP +SYSVINIT default-hierarchy=unified)
[    6.778402] systemd[1]: Detected virtualization kvm.
[    6.778697] systemd[1]: Detected architecture x86-64.
[    6.847982] systemd[1]: No hostname configured, using default hostname.
[    6.848914] systemd[1]: Hostname set to <localhost>.
[    9.492780] systemd[1]: Queued start job for default target graphical.target.
[    9.504176] workqueue: drm_fb_helper_damage_work hogged CPU for >10000us 16 times, consider switching to WQ_UNBOUND
[    9.580396] systemd[1]: Created slice system-modprobe.slice - Slice /system/modprobe.
[    9.583587] systemd[1]: Created slice system-systemd\x2dfsck.slice - Slice /system/systemd-fsck.
[    9.585994] systemd[1]: Created slice user.slice - User and Session Slice.
[    9.588112] systemd[1]: Started systemd-ask-password-wall.path - Forward Password Requests to Wall Directory Watch.
[    9.590628] systemd[1]: Set up automount proc-sys-fs-binfmt_misc.automount - Arbitrary Executable File Formats File System Automount Point.
[    9.592513] systemd[1]: Expecting device dev-disk-by\x2duuid-c3f8f018\x2df5f7\x2d4a5d\x2d92a1\x2d12ee87108672.device - /dev/disk/by-uuid/c3f8f018-f5f7-4a5d-92a1-12ee87108672...
[    9.595119] systemd[1]: Reached target integritysetup.target - Local Integrity Protected Volumes.
[    9.602553] systemd[1]: Reached target slices.target - Slice Units.
[    9.606675] systemd[1]: Reached target snapd.mounts-pre.target - Mounting snaps.
[    9.608762] systemd[1]: Reached target snapd.mounts.target - Mounted snaps.
[    9.612056] systemd[1]: Reached target veritysetup.target - Local Verity Protected Volumes.
[    9.614767] systemd[1]: Listening on dm-event.socket - Device-mapper event daemon FIFOs.
[    9.617250] systemd[1]: Listening on lvm2-lvmpolld.socket - LVM2 poll daemon socket.
[    9.622811] systemd[1]: Listening on multipathd.socket - multipathd control socket.
[    9.625991] systemd[1]: Listening on syslog.socket - Syslog Socket.
[    9.628502] systemd[1]: Listening on systemd-fsckd.socket - fsck to fsckd communication Socket.
[    9.630961] systemd[1]: Listening on systemd-initctl.socket - initctl Compatibility Named Pipe.
[    9.632948] systemd[1]: Listening on systemd-journald-dev-log.socket - Journal Socket (/dev/log).
[    9.636439] systemd[1]: Listening on systemd-journald.socket - Journal Socket.
[    9.639638] systemd[1]: Listening on systemd-networkd.socket - Network Service Netlink Socket.
[    9.642678] systemd[1]: systemd-pcrextend.socket - TPM2 PCR Extension (Varlink) was skipped because of an unmet condition check (ConditionSecurity=measured-uki).
[    9.644909] systemd[1]: Listening on systemd-udevd-control.socket - udev Control Socket.
[    9.646842] systemd[1]: Listening on systemd-udevd-kernel.socket - udev Kernel Socket.
[    9.692950] systemd[1]: Mounting dev-hugepages.mount - Huge Pages File System...
[    9.714267] systemd[1]: Mounting dev-mqueue.mount - POSIX Message Queue File System...
[    9.729153] systemd[1]: Mounting sys-kernel-debug.mount - Kernel Debug File System...
[    9.734469] systemd[1]: Mounting sys-kernel-tracing.mount - Kernel Trace File System...
[    9.749358] systemd[1]: Starting systemd-journald.service - Journal Service...
[    9.768471] systemd[1]: Starting keyboard-setup.service - Set the console keyboard layout...
[    9.782725] systemd[1]: Starting kmod-static-nodes.service - Create List of Static Device Nodes...
[    9.793633] systemd[1]: Starting lvm2-monitor.service - Monitoring of LVM2 mirrors, snapshots etc. using dmeventd or progress polling...
[    9.818018] systemd[1]: Starting modprobe@configfs.service - Load Kernel Module configfs...
[    9.827930] systemd[1]: Starting modprobe@dm_mod.service - Load Kernel Module dm_mod...
[    9.857365] systemd[1]: Starting modprobe@drm.service - Load Kernel Module drm...
[    9.861643] systemd-journald[307]: Collecting audit messages is disabled.
[    9.964472] systemd[1]: Starting modprobe@efi_pstore.service - Load Kernel Module efi_pstore...
[    9.980636] systemd[1]: Starting modprobe@fuse.service - Load Kernel Module fuse...
[    9.991559] systemd[1]: Starting modprobe@loop.service - Load Kernel Module loop...
[    9.998233] systemd[1]: netplan-ovs-cleanup.service - OpenVSwitch configuration for cleanup was skipped because of an unmet condition check (ConditionFileIsExecutable=/usr/bin/ovs-vsctl).
[   10.000458] systemd[1]: systemd-fsck-root.service - File System Check on Root Device was skipped because of an unmet condition check (ConditionPathExists=!/run/initramfs/fsck-root).
[   10.009206] systemd[1]: Starting systemd-modules-load.service - Load Kernel Modules...
[   10.012195] systemd[1]: systemd-pcrmachine.service - TPM2 PCR Machine ID Measurement was skipped because of an unmet condition check (ConditionSecurity=measured-uki).
[   10.024145] systemd[1]: Starting systemd-remount-fs.service - Remount Root and Kernel File Systems...
[   10.028965] systemd[1]: systemd-tpm2-setup-early.service - TPM2 SRK Setup (Early) was skipped because of an unmet condition check (ConditionSecurity=measured-uki).
[   10.034831] systemd[1]: Starting systemd-udev-trigger.service - Coldplug All udev Devices...
[   10.047862] systemd[1]: Started systemd-journald.service - Journal Service.
[   10.240854] EXT4-fs (dm-0): re-mounted 78dfc1ab-05ce-40b9-a2f8-2f3e03168145 r/w. Quota mode: none.
[   10.389790] Adding 3261436k swap on /swap.img.  Priority:-2 extents:7 across:5735424k
[   10.631756] systemd-journald[307]: Received client request to flush runtime journal.
[   12.920573] piix4_smbus 0000:00:01.3: SMBus Host Controller at 0x700, revision 0
[   13.675118] workqueue: drm_fb_helper_damage_work hogged CPU for >10000us 32 times, consider switching to WQ_UNBOUND
[   14.076694] systemd-journald[307]: /var/log/journal/560b026a44d3424ea490d29e1a7e2775/system.journal: Journal file uses a different sequence number ID, rotating.
[   14.076701] systemd-journald[307]: Rotating system journal.
[   17.262221] EXT4-fs (sda2): mounted filesystem c3f8f018-f5f7-4a5d-92a1-12ee87108672 r/w with ordered data mode. Quota mode: none.
[   18.350537] cfg80211: Loading compiled-in X.509 certificates for regulatory database
[   18.350732] Loaded X.509 cert 'sforshee: 00b28ddf47aef9cea7'
[   18.350822] Loaded X.509 cert 'wens: 61c038651aabdcf94bd0ac7ff06c7248db18c600'
[   19.148687] audit: type=1400 audit(1773304102.563:2): apparmor="STATUS" operation="profile_load" profile="unconfined" name="1password" pid=542 comm="apparmor_parser"
[   19.148692] audit: type=1400 audit(1773304102.563:3): apparmor="STATUS" operation="profile_load" profile="unconfined" name="Discord" pid=543 comm="apparmor_parser"
[   19.150283] audit: type=1400 audit(1773304102.565:4): apparmor="STATUS" operation="profile_load" profile="unconfined" name=4D6F6E676F444220436F6D70617373 pid=544 comm="apparmor_parser"
[   19.150521] audit: type=1400 audit(1773304102.565:5): apparmor="STATUS" operation="profile_load" profile="unconfined" name="QtWebEngineProcess" pid=545 comm="apparmor_parser"
[   19.151187] audit: type=1400 audit(1773304102.566:6): apparmor="STATUS" operation="profile_load" profile="unconfined" name="balena-etcher" pid=546 comm="apparmor_parser"
[   19.151406] audit: type=1400 audit(1773304102.566:7): apparmor="STATUS" operation="profile_load" profile="unconfined" name="brave" pid=547 comm="apparmor_parser"
[   19.152298] audit: type=1400 audit(1773304102.567:8): apparmor="STATUS" operation="profile_load" profile="unconfined" name="buildah" pid=548 comm="apparmor_parser"
[   19.153153] audit: type=1400 audit(1773304102.567:9): apparmor="STATUS" operation="profile_load" profile="unconfined" name="busybox" pid=549 comm="apparmor_parser"
[   19.153403] audit: type=1400 audit(1773304102.568:10): apparmor="STATUS" operation="profile_load" profile="unconfined" name="cam" pid=550 comm="apparmor_parser"
[   19.154440] audit: type=1400 audit(1773304102.569:11): apparmor="STATUS" operation="profile_load" profile="unconfined" name="ch-checkns" pid=551 comm="apparmor_parser"
[   28.617115] workqueue: drm_fb_helper_damage_work hogged CPU for >10000us 64 times, consider switching to WQ_UNBOUND
[   28.632753] kauditd_printk_skb: 109 callbacks suppressed
[   28.632756] audit: type=1400 audit(1773304112.047:121): apparmor="STATUS" operation="profile_replace" info="same as current profile, skipping" profile="unconfined" name="rsyslogd" pid=719 comm="apparmor_parser"
[   29.639794] NET: Registered PF_QIPCRTR protocol family
[   33.763035] loop0: detected capacity change from 0 to 8
[   34.087980] audit: type=1400 audit(1773304117.502:122): apparmor="STATUS" operation="profile_replace" profile="unconfined" name="/usr/lib/snapd/snap-confine" pid=833 comm="apparmor_parser"
[   34.093573] audit: type=1400 audit(1773304117.508:123): apparmor="STATUS" operation="profile_replace" profile="unconfined" name="/usr/lib/snapd/snap-confine//mount-namespace-capture-helper" pid=833 comm="apparmor_parser"
[23991.255009] audit: type=1400 audit(1773328075.099:124): apparmor="DENIED" operation="mknod" class="file" profile="ubuntu_pro_esm_cache" name="/usr/lib/python3/dist-packages/uaclient/__pycache__/__init__.cpython-312.pyc.138423925345712" pid=2259 comm="python3" requested_mask="c" denied_mask="c" fsuid=0 ouid=0
[23991.255014] audit: type=1400 audit(1773328075.099:125): apparmor="DENIED" operation="mknod" class="file" profile="ubuntu_pro_apt_news" name="/usr/lib/python3/dist-packages/uaclient/__pycache__/__init__.cpython-312.pyc.136870058178352" pid=2258 comm="python3" requested_mask="c" denied_mask="c" fsuid=0 ouid=0
[23991.277793] audit: type=1400 audit(1773328075.122:126): apparmor="DENIED" operation="mknod" class="file" profile="ubuntu_pro_esm_cache" name="/usr/lib/python3/dist-packages/uaclient/__pycache__/log.cpython-312.pyc.138423926896912" pid=2259 comm="python3" requested_mask="c" denied_mask="c" fsuid=0 ouid=0
[23991.283770] audit: type=1400 audit(1773328075.128:127): apparmor="DENIED" operation="mknod" class="file" profile="ubuntu_pro_esm_cache" name="/usr/lib/python3/dist-packages/uaclient/__pycache__/defaults.cpython-312.pyc.138423924234160" pid=2259 comm="python3" requested_mask="c" denied_mask="c" fsuid=0 ouid=0
[23991.284433] audit: type=1400 audit(1773328075.129:128): apparmor="DENIED" operation="mknod" class="file" profile="ubuntu_pro_esm_cache" name="/usr/lib/python3/dist-packages/uaclient/__pycache__/secret_manager.cpython-312.pyc.138423924234160" pid=2259 comm="python3" requested_mask="c" denied_mask="c" fsuid=0 ouid=0
[23991.288132] audit: type=1400 audit(1773328075.131:129): apparmor="DENIED" operation="mknod" class="file" profile="ubuntu_pro_apt_news" name="/usr/lib/python3/dist-packages/uaclient/__pycache__/apt.cpython-312.pyc.136870058352000" pid=2258 comm="python3" requested_mask="c" denied_mask="c" fsuid=0 ouid=0
[23991.288519] audit: type=1400 audit(1773328075.133:130): apparmor="DENIED" operation="mknod" class="file" profile="ubuntu_pro_esm_cache" name="/usr/lib/python3/dist-packages/uaclient/__pycache__/system.cpython-312.pyc.138423924236208" pid=2259 comm="python3" requested_mask="c" denied_mask="c" fsuid=0 ouid=0
[23991.305023] audit: type=1400 audit(1773328075.149:131): apparmor="DENIED" operation="mknod" class="file" profile="ubuntu_pro_esm_cache" name="/usr/lib/python3/dist-packages/uaclient/__pycache__/exceptions.cpython-312.pyc.138423924698544" pid=2259 comm="python3" requested_mask="c" denied_mask="c" fsuid=0 ouid=0
[23991.318883] audit: type=1400 audit(1773328075.163:132): apparmor="DENIED" operation="mknod" class="file" profile="ubuntu_pro_apt_news" name="/usr/lib/python3/dist-packages/uaclient/__pycache__/event_logger.cpython-312.pyc.136870056515632" pid=2258 comm="python3" requested_mask="c" denied_mask="c" fsuid=0 ouid=0
[23991.320971] audit: type=1400 audit(1773328075.165:133): apparmor="DENIED" operation="mknod" class="file" profile="ubuntu_pro_apt_news" name="/usr/lib/python3/dist-packages/uaclient/__pycache__/yaml.cpython-312.pyc.136870046206128" pid=2258 comm="python3" requested_mask="c" denied_mask="c" fsuid=0 ouid=0
[80891.909442] systemd[1]: systemd 255.4-1ubuntu8.8 running in system mode (+PAM +AUDIT +SELINUX +APPARMOR +IMA +SMACK +SECCOMP +GCRYPT -GNUTLS +OPENSSL +ACL +BLKID +CURL +ELFUTILS +FIDO2 +IDN2 -IDN +IPTC +KMOD +LIBCRYPTSETUP +LIBFDISK +PCRE2 -PWQUALITY +P11KIT +QRENCODE +TPM2 +BZIP2 +LZ4 +XZ +ZLIB +ZSTD -BPF_FRAMEWORK -XKBCOMMON +UTMP +SYSVINIT default-hierarchy=unified)
[80891.909490] systemd[1]: Detected virtualization kvm.
[80891.909495] systemd[1]: Detected architecture x86-64.
[80892.087823] systemd[1]: Stopping systemd-journald.service - Journal Service...
[80892.088089] systemd-journald[307]: Received SIGTERM from PID 1 (systemd).
[80892.101307] systemd[1]: Starting systemd-hostnamed.service - Hostname Service...
[80892.107528] systemd[1]: Finished systemd-networkd-wait-online.service - Wait for Network to be Configured.
[80892.124243] systemd[1]: Started systemd-hostnamed.service - Hostname Service.
[80894.606840] systemd[1]: systemd-journald.service: Deactivated successfully.
[80894.606972] systemd[1]: Stopped systemd-journald.service - Journal Service.
[80894.613215] systemd[1]: Starting systemd-journald.service - Journal Service...
[80894.619510] systemd-journald[5511]: Collecting audit messages is disabled.
[80896.035838] systemd[1]: Started systemd-journald.service - Journal Service.
[81077.798674] kauditd_printk_skb: 89 callbacks suppressed
[81077.798677] audit: type=1400 audit(1773385162.673:223): apparmor="STATUS" operation="profile_replace" info="same as current profile, skipping" profile="unconfined" name="rsyslogd" pid=10272 comm="apparmor_parser"
[82282.283844] systemd[1]: systemd 255.4-1ubuntu8.8 running in system mode (+PAM +AUDIT +SELINUX +APPARMOR +IMA +SMACK +SECCOMP +GCRYPT -GNUTLS +OPENSSL +ACL +BLKID +CURL +ELFUTILS +FIDO2 +IDN2 -IDN +IPTC +KMOD +LIBCRYPTSETUP +LIBFDISK +PCRE2 -PWQUALITY +P11KIT +QRENCODE +TPM2 +BZIP2 +LZ4 +XZ +ZLIB +ZSTD -BPF_FRAMEWORK -XKBCOMMON +UTMP +SYSVINIT default-hierarchy=unified)
[82282.283911] systemd[1]: Detected virtualization kvm.
[82282.283916] systemd[1]: Detected architecture x86-64.
[82282.457767] systemd[1]: Stopping systemd-journald.service - Journal Service...
[82282.457834] systemd-journald[5511]: Received SIGTERM from PID 1 (systemd).
[82282.457886] systemd[1]: Stopping ModemManager.service - Modem Manager...
[82282.458031] systemd[1]: Stopping fwupd.service - Firmware update daemon...
[82282.458529] systemd[1]: Stopping multipathd.service - Device-Mapper Multipath Device Controller...
[82282.458543] systemd[1]: netplan-ovs-cleanup.service - OpenVSwitch configuration for cleanup was skipped because of an unmet condition check (ConditionFileIsExecutable=/usr/bin/ovs-vsctl).
[82282.458839] systemd[1]: Stopping packagekit.service - PackageKit Daemon...
[82282.459079] systemd[1]: Stopping rsyslog.service - System Logging Service...
[82282.459085] systemd[1]: systemd-networkd-wait-online.service: Deactivated successfully.
[82282.459219] systemd[1]: Stopped systemd-networkd-wait-online.service - Wait for Network to be Configured.
[82282.459276] systemd[1]: Stopping systemd-networkd-wait-online.service - Wait for Network to be Configured...
[82282.459437] systemd[1]: Stopping systemd-networkd.service - Network Configuration...
[82282.461701] systemd[1]: Stopping systemd-resolved.service - Network Name Resolution...
[82282.461824] systemd[1]: Stopping systemd-timesyncd.service - Network Time Synchronization...
[82282.462750] systemd[1]: rsyslog.service: Deactivated successfully.
[82282.462894] systemd[1]: Stopped rsyslog.service - System Logging Service.
[82282.476614] systemd[1]: Starting rsyslog.service - System Logging Service...
[82282.476956] systemd[1]: systemd-networkd.service: Deactivated successfully.
[82282.477074] systemd[1]: Stopped systemd-networkd.service - Network Configuration.
[82282.477365] systemd[1]: systemd-timesyncd.service: Deactivated successfully.
[82282.477496] systemd[1]: Stopped systemd-timesyncd.service - Network Time Synchronization.
[82282.480088] systemd[1]: systemd-resolved.service: Deactivated successfully.
[82282.480200] systemd[1]: Stopped systemd-resolved.service - Network Name Resolution.
[82282.481351] systemd[1]: multipathd.service: Deactivated successfully.
[82282.481439] systemd[1]: Stopped multipathd.service - Device-Mapper Multipath Device Controller.
[82282.481726] systemd[1]: ModemManager.service: Deactivated successfully.
[82282.481815] systemd[1]: Stopped ModemManager.service - Modem Manager.
[82282.483316] systemd[1]: fwupd.service: Deactivated successfully.
[82282.483403] systemd[1]: Stopped fwupd.service - Firmware update daemon.
[82282.484379] systemd[1]: packagekit.service: Deactivated successfully.
[82282.484460] systemd[1]: Stopped packagekit.service - PackageKit Daemon.
[82282.484735] systemd[1]: fwupd-refresh.service: Main process exited, code=exited, status=1/FAILURE
[82282.484806] systemd[1]: fwupd-refresh.service: Failed with result 'exit-code'.
[82282.484913] systemd[1]: Failed to start fwupd-refresh.service - Refresh fwupd metadata and update motd.
[82282.498819] systemd[1]: Starting fwupd.service - Firmware update daemon...
[82282.501708] systemd[1]: Starting multipathd.service - Device-Mapper Multipath Device Controller...
[82282.504639] systemd[1]: Starting packagekit.service - PackageKit Daemon...
[82282.504801] systemd[1]: Stopping polkit.service - Authorization Manager...
[82282.508751] systemd[1]: Starting systemd-resolved.service - Network Name Resolution...
[82282.515840] systemd[1]: Starting systemd-timesyncd.service - Network Time Synchronization...
[82282.515982] systemd[1]: Stopping systemd-udevd.service - Rule-based Manager for Device Events and Files...
[82282.521926] systemd[1]: polkit.service: Deactivated successfully.
[82282.522150] systemd[1]: Stopped polkit.service - Authorization Manager.
[82282.538090] systemd[1]: systemd-udevd.service: Deactivated successfully.
[82282.541433] systemd[1]: Stopped systemd-udevd.service - Rule-based Manager for Device Events and Files.
[82282.563640] audit: type=1400 audit(1773386367.440:224): apparmor="STATUS" operation="profile_replace" info="same as current profile, skipping" profile="unconfined" name="rsyslogd" pid=15760 comm="apparmor_parser"
[82282.565808] systemd[1]: Starting polkit.service - Authorization Manager...
[82282.569737] systemd[1]: Starting systemd-udevd.service - Rule-based Manager for Device Events and Files...
[82282.570692] systemd[1]: Stopping udisks2.service - Disk Manager...
[82282.577067] systemd[1]: udisks2.service: Deactivated successfully.
[82282.578703] systemd[1]: Stopped udisks2.service - Disk Manager.
[82282.607696] systemd[1]: Starting udisks2.service - Disk Manager...
[82282.619971] systemd[1]: Started systemd-timesyncd.service - Network Time Synchronization.
[82282.622915] systemd[1]: Started multipathd.service - Device-Mapper Multipath Device Controller.
[82282.623119] systemd[1]: Started polkit.service - Authorization Manager.
[82282.623261] systemd[1]: Started packagekit.service - PackageKit Daemon.
[82282.629863] systemd[1]: Starting ModemManager.service - Modem Manager...
[82282.660698] systemd[1]: Started ModemManager.service - Modem Manager.
[82282.673518] systemd[1]: Started systemd-udevd.service - Rule-based Manager for Device Events and Files.
[82282.673874] systemd[1]: Started systemd-resolved.service - Network Name Resolution.
[82282.680967] systemd[1]: Starting systemd-networkd.service - Network Configuration...
[82282.683445] systemd[1]: Started udisks2.service - Disk Manager.
[82282.697061] systemd[1]: Started systemd-networkd.service - Network Configuration.
[82282.705807] systemd[1]: Starting systemd-networkd-wait-online.service - Wait for Network to be Configured...
[82283.102066] systemd[1]: Starting systemd-hostnamed.service - Hostname Service...
[82283.108683] systemd[1]: Finished systemd-networkd-wait-online.service - Wait for Network to be Configured.
[82283.124334] systemd[1]: Started systemd-hostnamed.service - Hostname Service.
[82283.125681] systemd[1]: Started rsyslog.service - System Logging Service.
[82285.644430] systemd[1]: systemd-journald.service: Deactivated successfully.
[82285.644596] systemd[1]: Stopped systemd-journald.service - Journal Service.
[82285.650810] systemd[1]: Starting systemd-journald.service - Journal Service...
[82285.657441] systemd-journald[15828]: Collecting audit messages is disabled.
[82288.468007] systemd[1]: Started systemd-journald.service - Journal Service.
[82817.344021] systemd[1]: systemd 255.4-1ubuntu8.8 running in system mode (+PAM +AUDIT +SELINUX +APPARMOR +IMA +SMACK +SECCOMP +GCRYPT -GNUTLS +OPENSSL +ACL +BLKID +CURL +ELFUTILS +FIDO2 +IDN2 -IDN +IPTC +KMOD +LIBCRYPTSETUP +LIBFDISK +PCRE2 -PWQUALITY +P11KIT +QRENCODE +TPM2 +BZIP2 +LZ4 +XZ +ZLIB +ZSTD -BPF_FRAMEWORK -XKBCOMMON +UTMP +SYSVINIT default-hierarchy=unified)
[82817.344082] systemd[1]: Detected virtualization kvm.
[82817.344088] systemd[1]: Detected architecture x86-64.
[82817.526132] systemd[1]: Stopping systemd-journald.service - Journal Service...
[82817.526321] systemd-journald[15828]: Received SIGTERM from PID 1 (systemd).
[82817.526646] systemd[1]: ssh.service: Deactivated successfully.
[82817.526771] systemd[1]: Stopped ssh.service - OpenBSD Secure Shell server.
[82817.527044] systemd[1]: packagekit.service: Deactivated successfully.
[82817.527126] systemd[1]: Stopped packagekit.service - PackageKit Daemon.
[82817.532671] systemd[1]: Starting packagekit.service - PackageKit Daemon...
[82817.533629] systemd[1]: Starting ssh.service - OpenBSD Secure Shell server...
[82817.534051] systemd[1]: fwupd.service: Deactivated successfully.
[82817.535503] systemd[1]: Stopped fwupd.service - Firmware update daemon.
[82817.541877] systemd[1]: Starting fwupd.service - Firmware update daemon...
[82817.542286] systemd[1]: netplan-ovs-cleanup.service - OpenVSwitch configuration for cleanup was skipped because of an unmet condition check (ConditionFileIsExecutable=/usr/bin/ovs-vsctl).
[82817.542360] systemd[1]: systemd-networkd-wait-online.service: Deactivated successfully.
[82817.542472] systemd[1]: Stopped systemd-networkd-wait-online.service - Wait for Network to be Configured.
[82817.542505] systemd[1]: Stopping systemd-networkd-wait-online.service - Wait for Network to be Configured...
[82817.542647] systemd[1]: Stopping systemd-networkd.service - Network Configuration...
[82817.546623] systemd[1]: systemd-networkd.service: Deactivated successfully.
[82817.547509] systemd[1]: Stopped systemd-networkd.service - Network Configuration.
[82817.557258] systemd[1]: Starting systemd-networkd.service - Network Configuration...
[82817.558314] systemd[1]: Stopping systemd-resolved.service - Network Name Resolution...
[82817.565763] systemd[1]: Started packagekit.service - PackageKit Daemon.
[82817.566829] systemd[1]: systemd-resolved.service: Deactivated successfully.
[82817.566943] systemd[1]: Stopped systemd-resolved.service - Network Name Resolution.
[82817.577734] systemd[1]: Starting systemd-resolved.service - Network Name Resolution...
[82817.577967] systemd[1]: Stopping systemd-timesyncd.service - Network Time Synchronization...
[82817.578291] systemd[1]: Started ssh.service - OpenBSD Secure Shell server.
[82817.585246] systemd[1]: Stopping systemd-udevd.service - Rule-based Manager for Device Events and Files...
[82817.586516] systemd[1]: Stopping udisks2.service - Disk Manager...
[82817.586695] systemd[1]: Stopping upower.service - Daemon for power management...
[82817.588960] systemd[1]: systemd-timesyncd.service: Deactivated successfully.
[82817.589072] systemd[1]: Stopped systemd-timesyncd.service - Network Time Synchronization.
[82817.593492] systemd[1]: Started systemd-networkd.service - Network Configuration.
[82817.595019] systemd[1]: upower.service: Deactivated successfully.
[82817.595736] systemd[1]: Stopped upower.service - Daemon for power management.
[82817.597700] systemd[1]: systemd-udevd.service: Deactivated successfully.
[82817.598116] systemd[1]: Stopped systemd-udevd.service - Rule-based Manager for Device Events and Files.
[82817.598594] systemd[1]: udisks2.service: Deactivated successfully.
[82817.600479] systemd[1]: Stopped udisks2.service - Disk Manager.
[82817.607705] systemd[1]: Starting systemd-networkd-wait-online.service - Wait for Network to be Configured...
[82817.610631] systemd[1]: Starting systemd-timesyncd.service - Network Time Synchronization...
[82817.613113] systemd[1]: Starting systemd-udevd.service - Rule-based Manager for Device Events and Files...
[82817.615024] systemd[1]: Starting udisks2.service - Disk Manager...
[82817.624335] systemd[1]: Starting upower.service - Daemon for power management...
[82817.647604] systemd[1]: Starting systemd-hostnamed.service - Hostname Service...
[82817.647815] systemd[1]: Finished systemd-networkd-wait-online.service - Wait for Network to be Configured.
[82817.666604] systemd[1]: Started systemd-resolved.service - Network Name Resolution.
[82817.673510] systemd[1]: Started systemd-udevd.service - Rule-based Manager for Device Events and Files.
[82817.680080] systemd[1]: Started systemd-timesyncd.service - Network Time Synchronization.
[82817.684690] systemd[1]: Started upower.service - Daemon for power management.
[82817.691328] systemd[1]: Started systemd-hostnamed.service - Hostname Service.
[82817.695225] systemd[1]: Started udisks2.service - Disk Manager.
[82821.578877] systemd[1]: systemd-journald.service: Deactivated successfully.
[82821.579017] systemd[1]: Stopped systemd-journald.service - Journal Service.
[82821.584356] systemd[1]: Starting systemd-journald.service - Journal Service...
[82821.590956] systemd-journald[16312]: Collecting audit messages is disabled.
[82824.375048] systemd[1]: Started systemd-journald.service - Journal Service.
[83615.239242] systemd[1]: systemd 255.4-1ubuntu8.8 running in system mode (+PAM +AUDIT +SELINUX +APPARMOR +IMA +SMACK +SECCOMP +GCRYPT -GNUTLS +OPENSSL +ACL +BLKID +CURL +ELFUTILS +FIDO2 +IDN2 -IDN +IPTC +KMOD +LIBCRYPTSETUP +LIBFDISK +PCRE2 -PWQUALITY +P11KIT +QRENCODE +TPM2 +BZIP2 +LZ4 +XZ +ZLIB +ZSTD -BPF_FRAMEWORK -XKBCOMMON +UTMP +SYSVINIT default-hierarchy=unified)
[83615.239303] systemd[1]: Detected virtualization kvm.
[83615.239308] systemd[1]: Detected architecture x86-64.
[83615.403602] systemd-journald[16312]: Received SIGTERM from PID 1 (systemd).
[83615.403688] systemd[1]: Stopping systemd-journald.service - Journal Service...
[83615.404268] systemd[1]: Starting ssh.service - OpenBSD Secure Shell server...
[83615.405222] systemd[1]: netplan-ovs-cleanup.service - OpenVSwitch configuration for cleanup was skipped because of an unmet condition check (ConditionFileIsExecutable=/usr/bin/ovs-vsctl).
[83615.405312] systemd[1]: systemd-networkd-wait-online.service: Deactivated successfully.
[83615.405441] systemd[1]: Stopped systemd-networkd-wait-online.service - Wait for Network to be Configured.
[83615.405473] systemd[1]: Stopping systemd-networkd-wait-online.service - Wait for Network to be Configured...
[83615.405611] systemd[1]: Stopping systemd-networkd.service - Network Configuration...
[83615.407307] systemd[1]: Stopping systemd-resolved.service - Network Name Resolution...
[83615.408873] systemd[1]: Stopping systemd-timesyncd.service - Network Time Synchronization...
[83615.415701] systemd[1]: systemd-resolved.service: Deactivated successfully.
[83615.416400] systemd[1]: Stopped systemd-resolved.service - Network Name Resolution.
[83615.417207] systemd[1]: systemd-networkd.service: Deactivated successfully.
[83615.417351] systemd[1]: Stopped systemd-networkd.service - Network Configuration.
[83615.418782] systemd[1]: systemd-timesyncd.service: Deactivated successfully.
[83615.418980] systemd[1]: Stopped systemd-timesyncd.service - Network Time Synchronization.
[83615.426201] systemd[1]: Starting systemd-networkd.service - Network Configuration...
[83615.427551] systemd[1]: Starting systemd-resolved.service - Network Name Resolution...
[83615.430161] systemd[1]: Starting systemd-timesyncd.service - Network Time Synchronization...
[83615.444140] systemd[1]: Started ssh.service - OpenBSD Secure Shell server.
[83615.467084] systemd[1]: Started systemd-networkd.service - Network Configuration.
[83615.473042] systemd[1]: Starting systemd-networkd-wait-online.service - Wait for Network to be Configured...
[83615.475710] systemd[1]: Started systemd-timesyncd.service - Network Time Synchronization.
[83615.494187] systemd[1]: Started systemd-resolved.service - Network Name Resolution.
[83615.497025] systemd[1]: Starting systemd-hostnamed.service - Hostname Service...
[83615.498367] systemd[1]: Finished systemd-networkd-wait-online.service - Wait for Network to be Configured.
[83615.522440] systemd[1]: Started systemd-hostnamed.service - Hostname Service.
[83620.284715] systemd[1]: systemd-journald.service: Deactivated successfully.
[83620.284841] systemd[1]: Stopped systemd-journald.service - Journal Service.
[83620.290194] systemd[1]: Starting systemd-journald.service - Journal Service...
[83620.296621] systemd-journald[17069]: Collecting audit messages is disabled.
[83622.450738] systemd[1]: Started systemd-journald.service - Journal Service.
[86830.458225] systemd[1]: systemd 255.4-1ubuntu8.8 running in system mode (+PAM +AUDIT +SELINUX +APPARMOR +IMA +SMACK +SECCOMP +GCRYPT -GNUTLS +OPENSSL +ACL +BLKID +CURL +ELFUTILS +FIDO2 +IDN2 -IDN +IPTC +KMOD +LIBCRYPTSETUP +LIBFDISK +PCRE2 -PWQUALITY +P11KIT +QRENCODE +TPM2 +BZIP2 +LZ4 +XZ +ZLIB +ZSTD -BPF_FRAMEWORK -XKBCOMMON +UTMP +SYSVINIT default-hierarchy=unified)
[86830.458269] systemd[1]: Detected virtualization kvm.
[86830.458273] systemd[1]: Detected architecture x86-64.
[87019.634820] systemd-journald[17069]: Received SIGTERM from PID 1 (systemd).
[87019.635469] systemd[1]: Stopping systemd-journald.service - Journal Service...
[87019.645146] systemd[1]: Starting ssh.service - OpenBSD Secure Shell server...
[87019.645449] systemd[1]: polkit.service: Deactivated successfully.
[87019.645550] systemd[1]: Stopped polkit.service - Authorization Manager.
[87019.646318] systemd[1]: multipathd.service: Deactivated successfully.
[87019.646415] systemd[1]: Stopped multipathd.service - Device-Mapper Multipath Device Controller.
[87019.666173] systemd[1]: Starting multipathd.service - Device-Mapper Multipath Device Controller...
[87019.669169] systemd[1]: Starting polkit.service - Authorization Manager...
[87019.677124] systemd[1]: netplan-ovs-cleanup.service - OpenVSwitch configuration for cleanup was skipped because of an unmet condition check (ConditionFileIsExecutable=/usr/bin/ovs-vsctl).
[87019.677206] systemd[1]: systemd-networkd-wait-online.service: Deactivated successfully.
[87019.677303] systemd[1]: Stopped systemd-networkd-wait-online.service - Wait for Network to be Configured.
[87019.677338] systemd[1]: Stopping systemd-networkd-wait-online.service - Wait for Network to be Configured...
[87019.681947] systemd[1]: Stopping systemd-networkd.service - Network Configuration...
[87019.682427] systemd[1]: Stopping systemd-resolved.service - Network Name Resolution...
[87019.688255] systemd[1]: systemd-networkd.service: Deactivated successfully.
[87019.691269] systemd[1]: Stopped systemd-networkd.service - Network Configuration.
[87019.703234] systemd[1]: Starting systemd-networkd.service - Network Configuration...
[87019.703418] systemd[1]: Stopping systemd-timesyncd.service - Network Time Synchronization...
[87019.703699] systemd[1]: Started ssh.service - OpenBSD Secure Shell server.
[87019.705676] systemd[1]: systemd-resolved.service: Deactivated successfully.
[87019.705791] systemd[1]: Stopped systemd-resolved.service - Network Name Resolution.
[87019.710287] systemd[1]: qemu-guest-agent.service: Deactivated successfully.
[87019.710386] systemd[1]: Stopped qemu-guest-agent.service - QEMU Guest Agent.
[87019.713285] systemd[1]: Started multipathd.service - Device-Mapper Multipath Device Controller.
[87019.714861] systemd[1]: systemd-timesyncd.service: Deactivated successfully.
[87019.716006] systemd[1]: Stopped systemd-timesyncd.service - Network Time Synchronization.
[87019.726179] systemd[1]: Started qemu-guest-agent.service - QEMU Guest Agent.
[87019.729788] systemd[1]: Starting systemd-resolved.service - Network Name Resolution...
[87019.732672] audit: type=1400 audit(1773391104.722:225): apparmor="STATUS" operation="profile_replace" info="same as current profile, skipping" profile="unconfined" name="rsyslogd" pid=26290 comm="apparmor_parser"
[87019.734867] systemd[1]: Starting systemd-timesyncd.service - Network Time Synchronization...
[87019.735007] systemd[1]: Stopping systemd-udevd.service - Rule-based Manager for Device Events and Files...
[87019.735151] systemd[1]: Stopping udisks2.service - Disk Manager...
[87019.735486] systemd[1]: Started polkit.service - Authorization Manager.
[87019.748086] systemd[1]: Starting ModemManager.service - Modem Manager...
[87019.748496] systemd[1]: Started systemd-networkd.service - Network Configuration.
[87019.748798] systemd[1]: systemd-udevd.service: Deactivated successfully.
[87019.750443] systemd[1]: Stopped systemd-udevd.service - Rule-based Manager for Device Events and Files.
[87019.754205] systemd[1]: udisks2.service: Deactivated successfully.
[87019.755759] systemd[1]: Stopped udisks2.service - Disk Manager.
[87019.769216] systemd[1]: Starting systemd-networkd-wait-online.service - Wait for Network to be Configured...
[87019.786446] systemd[1]: Starting systemd-udevd.service - Rule-based Manager for Device Events and Files...
[87019.796172] systemd[1]: Starting udisks2.service - Disk Manager...
[87019.796312] systemd[1]: Stopping upower.service - Daemon for power management...
[87019.796633] systemd[1]: Started systemd-timesyncd.service - Network Time Synchronization.
[87019.802275] systemd[1]: Started ModemManager.service - Modem Manager.
[87019.812174] systemd[1]: Starting systemd-hostnamed.service - Hostname Service...
[87019.812367] systemd[1]: upower.service: Deactivated successfully.
[87019.812529] systemd[1]: Stopped upower.service - Daemon for power management.
[87019.814490] systemd[1]: Finished systemd-networkd-wait-online.service - Wait for Network to be Configured.
[87019.823203] systemd[1]: Starting upower.service - Daemon for power management...
[87019.823325] systemd[1]: Started systemd-resolved.service - Network Name Resolution.
[87019.851071] systemd[1]: Started systemd-udevd.service - Rule-based Manager for Device Events and Files.
[87019.858107] systemd[1]: Started upower.service - Daemon for power management.
[87019.859940] systemd[1]: Started udisks2.service - Disk Manager.
[87019.861043] systemd[1]: Started systemd-hostnamed.service - Hostname Service.
[87020.885756] systemd[1]: Started rsyslog.service - System Logging Service.
[87023.369707] systemd[1]: systemd-journald.service: Deactivated successfully.
[87023.369997] systemd[1]: Stopped systemd-journald.service - Journal Service.
[87023.375206] systemd[1]: Starting systemd-journald.service - Journal Service...
[87023.381888] systemd-journald[26360]: Collecting audit messages is disabled.
[87025.991702] systemd[1]: Started systemd-journald.service - Journal Service.
[89159.547520] audit: type=1400 audit(1773393244.536:226): apparmor="STATUS" operation="profile_replace" info="same as current profile, skipping" profile="unconfined" name="rsyslogd" pid=43246 comm="apparmor_parser"
user1@eltex-practice2-pg2-v11:~$ nano /usr/local/bin/run_dmesg.sh
user2@eltex-practice2-pg2-v11:~$ /usr/local/bin/run_dmesg.sh
dmesg: read kernel buffer failed: Operation not permitted
user2@eltex-practice2-pg2-v11:~$ chage -M 10 user1
chage: Permission denied.
user2@eltex-practice2-pg2-v11:~$ exit
logout
root@eltex-practice2-pg2-v11:~# chage -M 10 user1
root@eltex-practice2-pg2-v11:~# chage -M 10 user2
root@eltex-practice2-pg2-v11:~# chage -M 10 user3
root@eltex-practice2-pg2-v11:~# sudo nano /etc/motd	
root@eltex-practice2-pg2-v11:~# mkdir -p /root/etc_backup
root@eltex-practice2-pg2-v11:~# rsync -av /etc/ /root/etc_backup/
sending incremental file list
.pwd.lock
.resolv.conf.systemd-resolved.bak
.updated
adduser.conf
bash.bashrc
bash_completion
bindresvport.blacklist
ca-certificates.conf
crontab
crypttab
debconf.conf
debian_version
deluser.conf
dhcpcd.conf
e2scrub.conf
environment
ethertypes
fstab
fuse.conf
gai.conf
group
group-
gshadow
gshadow-
hdparm.conf
host.conf
hosts
hosts.allow
hosts.deny
inputrc
issue
issue.net
ld.so.cache
ld.so.conf
legal
libaudit.conf
locale.alias
locale.conf
localtime -> /usr/share/zoneinfo/Etc/UTC
login.defs
logrotate.conf
lsb-release
machine-id
magic
magic.mime
manpath.config
mime.types
mke2fs.conf
modules
motd
mtab -> ../proc/self/mounts
multipath.conf
nanorc
netconfig
networks
nftables.conf
nsswitch.conf
os-release -> ../usr/lib/os-release
overlayroot.conf
pam.conf
passwd
passwd-
profile
protocols
resolv.conf -> ../run/systemd/resolve/stub-resolv.conf
rmt -> /usr/sbin/rmt
rsyslog.conf
screenrc
sensors3.conf
services
shadow
shadow-
shells
subgid
subgid-
subuid
subuid-
sudo.conf
sudo_logsrvd.conf
sudoers
sysctl.conf
timezone
ucf.conf
usb_modeswitch.conf
vconsole.conf -> default/keyboard
vtrgb -> /etc/alternatives/vtrgb
wgetrc
xattr.conf
zsh_command_not_found
ModemManager/
ModemManager/connection.d/
ModemManager/fcc-unlock.d/
PackageKit/
PackageKit/PackageKit.conf
PackageKit/Vendor.conf
UPower/
UPower/UPower.conf
X11/
X11/Xsession.d/
X11/Xsession.d/20dbus_xdg-runtime
X11/Xsession.d/90gpg-agent
X11/xkb/
alternatives/
alternatives/README
alternatives/arptables -> /usr/sbin/arptables-nft
alternatives/arptables-restore -> /usr/sbin/arptables-nft-restore
alternatives/arptables-save -> /usr/sbin/arptables-nft-save
alternatives/awk -> /usr/bin/gawk
alternatives/awk.1.gz -> /usr/share/man/man1/gawk.1.gz
alternatives/builtins.7.gz -> /usr/share/man/man7/bash-builtins.7.gz
alternatives/ebtables -> /usr/sbin/ebtables-nft
alternatives/ebtables-restore -> /usr/sbin/ebtables-nft-restore
alternatives/ebtables-save -> /usr/sbin/ebtables-nft-save
alternatives/editor -> /bin/nano
alternatives/editor.1.gz -> /usr/share/man/man1/nano.1.gz
alternatives/ex -> /usr/bin/vim.basic
alternatives/ex.1.gz -> /usr/share/man/man1/vim.1.gz
alternatives/ex.da.1.gz -> /usr/share/man/da/man1/vim.1.gz
alternatives/ex.de.1.gz -> /usr/share/man/de/man1/vim.1.gz
alternatives/ex.fr.1.gz -> /usr/share/man/fr/man1/vim.1.gz
alternatives/ex.it.1.gz -> /usr/share/man/it/man1/vim.1.gz
alternatives/ex.ja.1.gz -> /usr/share/man/ja/man1/vim.1.gz
alternatives/ex.pl.1.gz -> /usr/share/man/pl/man1/vim.1.gz
alternatives/ex.ru.1.gz -> /usr/share/man/ru/man1/vim.1.gz
alternatives/ex.tr.1.gz -> /usr/share/man/tr/man1/vim.1.gz
alternatives/ftp -> /usr/bin/tnftp
alternatives/ftp.1.gz -> /usr/share/man/man1/tnftp.1.gz
alternatives/infobrowser -> /usr/bin/info
alternatives/infobrowser.1.gz -> /usr/share/man/man1/info.1.gz
alternatives/ip6tables -> /usr/sbin/ip6tables-nft
alternatives/ip6tables-restore -> /usr/sbin/ip6tables-nft-restore
alternatives/ip6tables-save -> /usr/sbin/ip6tables-nft-save
alternatives/iptables -> /usr/sbin/iptables-nft
alternatives/iptables-restore -> /usr/sbin/iptables-nft-restore
alternatives/iptables-save -> /usr/sbin/iptables-nft-save
alternatives/jsondiff -> /usr/bin/json-patch-jsondiff
alternatives/lzcat -> /usr/bin/xzcat
alternatives/lzcat.1.gz -> /usr/share/man/man1/xzcat.1.gz
alternatives/lzcmp -> /usr/bin/xzcmp
alternatives/lzcmp.1.gz -> /usr/share/man/man1/xzcmp.1.gz
alternatives/lzdiff -> /usr/bin/xzdiff
alternatives/lzdiff.1.gz -> /usr/share/man/man1/xzdiff.1.gz
alternatives/lzegrep -> /usr/bin/xzegrep
alternatives/lzegrep.1.gz -> /usr/share/man/man1/xzegrep.1.gz
alternatives/lzfgrep -> /usr/bin/xzfgrep
alternatives/lzfgrep.1.gz -> /usr/share/man/man1/xzfgrep.1.gz
alternatives/lzgrep -> /usr/bin/xzgrep
alternatives/lzgrep.1.gz -> /usr/share/man/man1/xzgrep.1.gz
alternatives/lzless -> /usr/bin/xzless
alternatives/lzless.1.gz -> /usr/share/man/man1/xzless.1.gz
alternatives/lzma -> /usr/bin/xz
alternatives/lzma.1.gz -> /usr/share/man/man1/xz.1.gz
alternatives/lzmore -> /usr/bin/xzmore
alternatives/lzmore.1.gz -> /usr/share/man/man1/xzmore.1.gz
alternatives/mt -> /usr/bin/mt-gnu
alternatives/mt.1.gz -> /usr/share/man/man1/mt-gnu.1.gz
alternatives/nawk -> /usr/bin/gawk
alternatives/nawk.1.gz -> /usr/share/man/man1/gawk.1.gz
alternatives/nc -> /bin/nc.openbsd
alternatives/nc.1.gz -> /usr/share/man/man1/nc_openbsd.1.gz
alternatives/netcat -> /bin/nc.openbsd
alternatives/netcat.1.gz -> /usr/share/man/man1/nc_openbsd.1.gz
alternatives/newt-palette -> /etc/newt/palette.ubuntu
alternatives/pager -> /usr/bin/less
alternatives/pager.1.gz -> /usr/share/man/man1/less.1.gz
alternatives/pico -> /bin/nano
alternatives/pico.1.gz -> /usr/share/man/man1/nano.1.gz
alternatives/pinentry -> /usr/bin/pinentry-curses
alternatives/pinentry.1.gz -> /usr/share/man/man1/pinentry-curses.1.gz
alternatives/pybabel -> /usr/bin/pybabel-python3
alternatives/rmt -> /usr/sbin/rmt-tar
alternatives/rmt.8.gz -> /usr/share/man/man8/rmt-tar.8.gz
alternatives/rview -> /usr/bin/vim.basic
alternatives/rvim -> /usr/bin/vim.basic
alternatives/sar -> /usr/bin/sar.sysstat
alternatives/sar.1.gz -> /usr/share/man/man1/sar.sysstat.1.gz
alternatives/telnet -> /usr/bin/inetutils-telnet
alternatives/telnet.1.gz -> /usr/share/man/man1/inetutils-telnet.1.gz
alternatives/text.plymouth -> /usr/share/plymouth/themes/ubuntu-text/ubuntu-text.plymouth
alternatives/unlzma -> /usr/bin/unxz
alternatives/unlzma.1.gz -> /usr/share/man/man1/unxz.1.gz
alternatives/vi -> /usr/bin/vim.basic
alternatives/vi.1.gz -> /usr/share/man/man1/vim.1.gz
alternatives/vi.da.1.gz -> /usr/share/man/da/man1/vim.1.gz
alternatives/vi.de.1.gz -> /usr/share/man/de/man1/vim.1.gz
alternatives/vi.fr.1.gz -> /usr/share/man/fr/man1/vim.1.gz
alternatives/vi.it.1.gz -> /usr/share/man/it/man1/vim.1.gz
alternatives/vi.ja.1.gz -> /usr/share/man/ja/man1/vim.1.gz
alternatives/vi.pl.1.gz -> /usr/share/man/pl/man1/vim.1.gz
alternatives/vi.ru.1.gz -> /usr/share/man/ru/man1/vim.1.gz
alternatives/vi.tr.1.gz -> /usr/share/man/tr/man1/vim.1.gz
alternatives/view -> /usr/bin/vim.basic
alternatives/view.1.gz -> /usr/share/man/man1/vim.1.gz
alternatives/view.da.1.gz -> /usr/share/man/da/man1/vim.1.gz
alternatives/view.de.1.gz -> /usr/share/man/de/man1/vim.1.gz
alternatives/view.fr.1.gz -> /usr/share/man/fr/man1/vim.1.gz
